Archive member included to satisfy reference by file (symbol)

e:/visualstudiocode/gcc-arm-none-eabi/bin/../lib/gcc/arm-none-eabi/7.2.1/../../../../arm-none-eabi/lib/thumb/v7-m\libc_nano.a(lib_a-exit.o)
                              e:/visualstudiocode/gcc-arm-none-eabi/bin/../lib/gcc/arm-none-eabi/7.2.1/../../../../arm-none-eabi/lib/thumb/v7-m/crt0.o (exit)
e:/visualstudiocode/gcc-arm-none-eabi/bin/../lib/gcc/arm-none-eabi/7.2.1/../../../../arm-none-eabi/lib/thumb/v7-m\libc_nano.a(lib_a-impure.o)
                              e:/visualstudiocode/gcc-arm-none-eabi/bin/../lib/gcc/arm-none-eabi/7.2.1/../../../../arm-none-eabi/lib/thumb/v7-m\libc_nano.a(lib_a-exit.o) (_global_impure_ptr)
e:/visualstudiocode/gcc-arm-none-eabi/bin/../lib/gcc/arm-none-eabi/7.2.1/../../../../arm-none-eabi/lib/thumb/v7-m\libc_nano.a(lib_a-init.o)
                              e:/visualstudiocode/gcc-arm-none-eabi/bin/../lib/gcc/arm-none-eabi/7.2.1/../../../../arm-none-eabi/lib/thumb/v7-m/crt0.o (__libc_init_array)
e:/visualstudiocode/gcc-arm-none-eabi/bin/../lib/gcc/arm-none-eabi/7.2.1/../../../../arm-none-eabi/lib/thumb/v7-m\libc_nano.a(lib_a-memset.o)
                              e:/visualstudiocode/gcc-arm-none-eabi/bin/../lib/gcc/arm-none-eabi/7.2.1/../../../../arm-none-eabi/lib/thumb/v7-m/crt0.o (memset)
e:/visualstudiocode/gcc-arm-none-eabi/bin/../lib/gcc/arm-none-eabi/7.2.1/../../../../arm-none-eabi/lib/thumb/v7-m\libc_nano.a(lib_a-nano-vfprintf_float.o)
                              (_printf_float)
e:/visualstudiocode/gcc-arm-none-eabi/bin/../lib/gcc/arm-none-eabi/7.2.1/../../../../arm-none-eabi/lib/thumb/v7-m\libc_nano.a(lib_a-nano-vfprintf_i.o)
                              e:/visualstudiocode/gcc-arm-none-eabi/bin/../lib/gcc/arm-none-eabi/7.2.1/../../../../arm-none-eabi/lib/thumb/v7-m\libc_nano.a(lib_a-nano-vfprintf_float.o) (_printf_common)
e:/visualstudiocode/gcc-arm-none-eabi/bin/../lib/gcc/arm-none-eabi/7.2.1/../../../../arm-none-eabi/lib/thumb/v7-m\libc_nano.a(lib_a-printf.o)
                              E:/VisualStudioCode/STM32F1_HAL/build/main.o (printf)
e:/visualstudiocode/gcc-arm-none-eabi/bin/../lib/gcc/arm-none-eabi/7.2.1/../../../../arm-none-eabi/lib/thumb/v7-m\libc_nano.a(lib_a-strlen.o)
                              e:/visualstudiocode/gcc-arm-none-eabi/bin/../lib/gcc/arm-none-eabi/7.2.1/../../../../arm-none-eabi/lib/thumb/v7-m\libc_nano.a(lib_a-nano-vfprintf_float.o) (strlen)
e:/visualstudiocode/gcc-arm-none-eabi/bin/../lib/gcc/arm-none-eabi/7.2.1/../../../../arm-none-eabi/lib/thumb/v7-m\libc_nano.a(lib_a-vsnprintf.o)
                              E:/VisualStudioCode/STM32F1_HAL/build/main.o (vsnprintf)
e:/visualstudiocode/gcc-arm-none-eabi/bin/../lib/gcc/arm-none-eabi/7.2.1/../../../../arm-none-eabi/lib/thumb/v7-m\libc_nano.a(lib_a-dtoa.o)
                              e:/visualstudiocode/gcc-arm-none-eabi/bin/../lib/gcc/arm-none-eabi/7.2.1/../../../../arm-none-eabi/lib/thumb/v7-m\libc_nano.a(lib_a-nano-vfprintf_float.o) (_dtoa_r)
e:/visualstudiocode/gcc-arm-none-eabi/bin/../lib/gcc/arm-none-eabi/7.2.1/../../../../arm-none-eabi/lib/thumb/v7-m\libc_nano.a(lib_a-findfp.o)
                              e:/visualstudiocode/gcc-arm-none-eabi/bin/../lib/gcc/arm-none-eabi/7.2.1/../../../../arm-none-eabi/lib/thumb/v7-m\libc_nano.a(lib_a-printf.o) (__sinit)
e:/visualstudiocode/gcc-arm-none-eabi/bin/../lib/gcc/arm-none-eabi/7.2.1/../../../../arm-none-eabi/lib/thumb/v7-m\libc_nano.a(lib_a-fwalk.o)
                              e:/visualstudiocode/gcc-arm-none-eabi/bin/../lib/gcc/arm-none-eabi/7.2.1/../../../../arm-none-eabi/lib/thumb/v7-m\libc_nano.a(lib_a-findfp.o) (_fwalk)
e:/visualstudiocode/gcc-arm-none-eabi/bin/../lib/gcc/arm-none-eabi/7.2.1/../../../../arm-none-eabi/lib/thumb/v7-m\libc_nano.a(lib_a-localeconv.o)
                              e:/visualstudiocode/gcc-arm-none-eabi/bin/../lib/gcc/arm-none-eabi/7.2.1/../../../../arm-none-eabi/lib/thumb/v7-m\libc_nano.a(lib_a-nano-vfprintf_float.o) (_localeconv_r)
e:/visualstudiocode/gcc-arm-none-eabi/bin/../lib/gcc/arm-none-eabi/7.2.1/../../../../arm-none-eabi/lib/thumb/v7-m\libc_nano.a(lib_a-malloc.o)
                              e:/visualstudiocode/gcc-arm-none-eabi/bin/../lib/gcc/arm-none-eabi/7.2.1/../../../../arm-none-eabi/lib/thumb/v7-m\libc_nano.a(lib_a-dtoa.o) (malloc)
e:/visualstudiocode/gcc-arm-none-eabi/bin/../lib/gcc/arm-none-eabi/7.2.1/../../../../arm-none-eabi/lib/thumb/v7-m\libc_nano.a(lib_a-memchr-stub.o)
                              e:/visualstudiocode/gcc-arm-none-eabi/bin/../lib/gcc/arm-none-eabi/7.2.1/../../../../arm-none-eabi/lib/thumb/v7-m\libc_nano.a(lib_a-nano-vfprintf_i.o) (memchr)
e:/visualstudiocode/gcc-arm-none-eabi/bin/../lib/gcc/arm-none-eabi/7.2.1/../../../../arm-none-eabi/lib/thumb/v7-m\libc_nano.a(lib_a-memcpy-stub.o)
                              e:/visualstudiocode/gcc-arm-none-eabi/bin/../lib/gcc/arm-none-eabi/7.2.1/../../../../arm-none-eabi/lib/thumb/v7-m\libc_nano.a(lib_a-dtoa.o) (memcpy)
[...]
Memory Configuration

Name             Origin             Length             Attributes
RAM              0x20000000         0x00005000         xrw
FLASH            0x08000000         0x00010000         xr
*default*        0x00000000         0xffffffff

Linker script and memory map

LOAD e:/visualstudiocode/gcc-arm-none-eabi/bin/../lib/gcc/arm-none-eabi/7.2.1/thumb/v7-m/crti.o
LOAD e:/visualstudiocode/gcc-arm-none-eabi/bin/../lib/gcc/arm-none-eabi/7.2.1/thumb/v7-m/crtbegin.o
LOAD e:/visualstudiocode/gcc-arm-none-eabi/bin/../lib/gcc/arm-none-eabi/7.2.1/../../../../arm-none-eabi/lib/thumb/v7-m/crt0.o
LOAD E:/VisualStudioCode/STM32F1_HAL/build/i2c.o
LOAD E:/VisualStudioCode/STM32F1_HAL/build/main.o
LOAD E:/VisualStudioCode/STM32F1_HAL/build/startup_stm32f103xb.o
LOAD E:/VisualStudioCode/STM32F1_HAL/build/stm32f1xx_hal.o
LOAD E:/VisualStudioCode/STM32F1_HAL/build/stm32f1xx_hal_cortex.o
LOAD E:/VisualStudioCode/STM32F1_HAL/build/stm32f1xx_hal_dma.o
LOAD E:/VisualStudioCode/STM32F1_HAL/build/stm32f1xx_hal_flash.o
LOAD E:/VisualStudioCode/STM32F1_HAL/build/stm32f1xx_hal_flash_ex.o
LOAD E:/VisualStudioCode/STM32F1_HAL/build/stm32f1xx_hal_gpio.o
LOAD E:/VisualStudioCode/STM32F1_HAL/build/stm32f1xx_hal_gpio_ex.o
LOAD E:/VisualStudioCode/STM32F1_HAL/build/stm32f1xx_hal_i2c.o
LOAD E:/VisualStudioCode/STM32F1_HAL/build/stm32f1xx_hal_msp.o
LOAD E:/VisualStudioCode/STM32F1_HAL/build/stm32f1xx_hal_pwr.o
LOAD E:/VisualStudioCode/STM32F1_HAL/build/stm32f1xx_hal_rcc.o
LOAD E:/VisualStudioCode/STM32F1_HAL/build/stm32f1xx_hal_rcc_ex.o
LOAD E:/VisualStudioCode/STM32F1_HAL/build/stm32f1xx_hal_tim.o
LOAD E:/VisualStudioCode/STM32F1_HAL/build/stm32f1xx_hal_tim_ex.o
LOAD E:/VisualStudioCode/STM32F1_HAL/build/stm32f1xx_hal_uart.o
LOAD E:/VisualStudioCode/STM32F1_HAL/build/stm32f1xx_it.o
LOAD E:/VisualStudioCode/STM32F1_HAL/build/system_stm32f1xx.o
LOAD E:/VisualStudioCode/STM32F1_HAL/build/usart.o
LOAD E:/VisualStudioCode/STM32F1_HAL/Drivers/CMSIS/Lib/GCC/libarm_cortexM3l_math.a
LOAD e:/visualstudiocode/gcc-arm-none-eabi/bin/../lib/gcc/arm-none-eabi/7.2.1/../../../../arm-none-eabi/lib/thumb/v7-m\libnosys.a
LOAD e:/visualstudiocode/gcc-arm-none-eabi/bin/../lib/gcc/arm-none-eabi/7.2.1/../../../../arm-none-eabi/lib/thumb/v7-m\libstdc++_nano.a
LOAD e:/visualstudiocode/gcc-arm-none-eabi/bin/../lib/gcc/arm-none-eabi/7.2.1/../../../../arm-none-eabi/lib/thumb/v7-m\libm.a
LOAD e:/visualstudiocode/gcc-arm-none-eabi/bin/../lib/gcc/arm-none-eabi/7.2.1/../../../../arm-none-eabi/lib/thumb/v7-m\libc_nano.a
START GROUP
LOAD e:/visualstudiocode/gcc-arm-none-eabi/bin/../lib/gcc/arm-none-eabi/7.2.1/thumb/v7-m\libgcc.a
LOAD e:/visualstudiocode/gcc-arm-none-eabi/bin/../lib/gcc/arm-none-eabi/7.2.1/../../../../arm-none-eabi/lib/thumb/v7-m\libc_nano.a
END GROUP
START GROUP
LOAD e:/visualstudiocode/gcc-arm-none-eabi/bin/../lib/gcc/arm-none-eabi/7.2.1/thumb/v7-m\libgcc.a
LOAD e:/visualstudiocode/gcc-arm-none-eabi/bin/../lib/gcc/arm-none-eabi/7.2.1/../../../../arm-none-eabi/lib/thumb/v7-m\libc_nano.a
LOAD e:/visualstudiocode/gcc-arm-none-eabi/bin/../lib/gcc/arm-none-eabi/7.2.1/../../../../arm-none-eabi/lib/thumb/v7-m\libnosys.a
END GROUP
START GROUP
LOAD e:/visualstudiocode/gcc-arm-none-eabi/bin/../lib/gcc/arm-none-eabi/7.2.1/thumb/v7-m\libgcc.a
LOAD e:/visualstudiocode/gcc-arm-none-eabi/bin/../lib/gcc/arm-none-eabi/7.2.1/../../../../arm-none-eabi/lib/thumb/v7-m\libc_nano.a
LOAD e:/visualstudiocode/gcc-arm-none-eabi/bin/../lib/gcc/arm-none-eabi/7.2.1/../../../../arm-none-eabi/lib/thumb/v7-m\libnosys.a
END GROUP
LOAD e:/visualstudiocode/gcc-arm-none-eabi/bin/../lib/gcc/arm-none-eabi/7.2.1/thumb/v7-m/crtend.o
LOAD e:/visualstudiocode/gcc-arm-none-eabi/bin/../lib/gcc/arm-none-eabi/7.2.1/thumb/v7-m/crtn.o
                0x20005000                _estack = 0x20005000
                0x00000200                _Min_Heap_Size = 0x200
                0x00000400                _Min_Stack_Size = 0x400

.isr_vector     0x08000000      0x10c
                0x08000000                . = ALIGN (0x4)
 *(.isr_vector)
 .isr_vector    0x08000000      0x10c E:/VisualStudioCode/STM32F1_HAL/build/startup_stm32f103xb.o
                0x08000000                g_pfnVectors
                0x0800010c                . = ALIGN (0x4)

.text           0x08000110     0x5c38
                0x08000110                . = ALIGN (0x4)
 *(.text)
 .text          0x08000110       0x40 e:/visualstudiocode/gcc-arm-none-eabi/bin/../lib/gcc/arm-none-eabi/7.2.1/thumb/v7-m/crtbegin.o
 .text          0x08000150       0x10 e:/visualstudiocode/gcc-arm-none-eabi/bin/../lib/gcc/arm-none-eabi/7.2.1/../../../../arm-none-eabi/lib/thumb/v7-m\libc_nano.a(lib_a-strlen.o)
                0x08000150                strlen
 .text          0x08000160      0x378 e:/visualstudiocode/gcc-arm-none-eabi/bin/../lib/gcc/arm-none-eabi/7.2.1/thumb/v7-m\libgcc.a(_arm_addsubdf3.o)
                0x08000160                __aeabi_drsub
                0x08000168                __aeabi_dsub
                0x08000168                __subdf3
                0x0800016c                __aeabi_dadd
                0x0800016c                __adddf3
                0x080003e4                __floatunsidf
                0x080003e4                __aeabi_ui2d
                0x08000404                __floatsidf
                0x08000404                __aeabi_i2d
                0x08000428                __aeabi_f2d
                0x08000428                __extendsfdf2
                0x0800046c                __floatundidf
                0x0800046c                __aeabi_ul2d
                0x0800047c                __floatdidf
                0x0800047c                __aeabi_l2d
 .text          0x080004d8      0x424 e:/visualstudiocode/gcc-arm-none-eabi/bin/../lib/gcc/arm-none-eabi/7.2.1/thumb/v7-m\libgcc.a(_arm_muldivdf3.o)
                0x080004d8                __aeabi_dmul
                0x080004d8                __muldf3
                0x0800072c                __divdf3
                0x0800072c                __aeabi_ddiv
 .text          0x080008fc      0x110 e:/visualstudiocode/gcc-arm-none-eabi/bin/../lib/gcc/arm-none-eabi/7.2.1/thumb/v7-m\libgcc.a(_arm_cmpdf2.o)
                0x080008fc                __gtdf2
                0x080008fc                __gedf2
                0x08000904                __ltdf2
                0x08000904                __ledf2
                0x0800090c                __nedf2
                0x0800090c                __eqdf2
                0x0800090c                __cmpdf2
                0x08000988                __aeabi_cdrcmple
                0x08000998                __aeabi_cdcmpeq
                0x08000998                __aeabi_cdcmple
                0x080009a8                __aeabi_dcmpeq
                0x080009bc                __aeabi_dcmplt
                0x080009d0                __aeabi_dcmple
                0x080009e4                __aeabi_dcmpge
                0x080009f8                __aeabi_dcmpgt
 .text          0x08000a0c       0x2c e:/visualstudiocode/gcc-arm-none-eabi/bin/../lib/gcc/arm-none-eabi/7.2.1/thumb/v7-m\libgcc.a(_arm_unorddf2.o)
                0x08000a0c                __unorddf2
                0x08000a0c                __aeabi_dcmpun
 .text          0x08000a38       0x50 e:/visualstudiocode/gcc-arm-none-eabi/bin/../lib/gcc/arm-none-eabi/7.2.1/thumb/v7-m\libgcc.a(_arm_fixdfsi.o)
                0x08000a38                __aeabi_d2iz
                0x08000a38                __fixdfsi
 .text          0x08000a88       0xa0 e:/visualstudiocode/gcc-arm-none-eabi/bin/../lib/gcc/arm-none-eabi/7.2.1/thumb/v7-m\libgcc.a(_arm_truncdfsf2.o)
                0x08000a88                __truncdfsf2
                0x08000a88                __aeabi_d2f
 .text          0x08000b28       0x4c e:/visualstudiocode/gcc-arm-none-eabi/bin/../lib/gcc/arm-none-eabi/7.2.1/thumb/v7-m\libgcc.a(_arm_fixsfsi.o)
                0x08000b28                __aeabi_f2iz
                0x08000b28                __fixsfsi
 .text          0x08000b74      0xa00 e:/visualstudiocode/gcc-arm-none-eabi/bin/../lib/gcc/arm-none-eabi/7.2.1/thumb/v7-m\libgcc.a(unwind-arm.o)
                0x08000e30                _Unwind_GetCFA
                0x08000e34                __gnu_Unwind_RaiseException
                0x08000e94                __gnu_Unwind_ForcedUnwind
                0x08000ea8                __gnu_Unwind_Resume
                0x08000eec                __gnu_Unwind_Resume_or_Rethrow
                0x08000f00                _Unwind_Complete
                0x08000f04                _Unwind_DeleteException
                0x08000f10                _Unwind_VRS_Get
                0x08000f54                _Unwind_VRS_Set
                0x08000f9c                __gnu_Unwind_Backtrace
                0x080012e4                __aeabi_unwind_cpp_pr0
                0x080012e8                __aeabi_unwind_cpp_pr1
                0x080012ec                __aeabi_unwind_cpp_pr2
                0x080012f0                _Unwind_VRS_Pop
 .text          0x08001574      0x1ac e:/visualstudiocode/gcc-arm-none-eabi/bin/../lib/gcc/arm-none-eabi/7.2.1/thumb/v7-m\libgcc.a(libunwind.o)
                0x08001574                __restore_core_regs
                0x08001574                restore_core_regs
                0x0800158c                __gnu_Unwind_Restore_VFP
                0x08001594                __gnu_Unwind_Save_VFP
                0x0800159c                __gnu_Unwind_Restore_VFP_D
                0x080015a4                __gnu_Unwind_Save_VFP_D
                0x080015ac                __gnu_Unwind_Restore_VFP_D_16_to_31
                0x080015b4                __gnu_Unwind_Save_VFP_D_16_to_31
                0x080015bc                __gnu_Unwind_Restore_WMMXD
                0x08001600                __gnu_Unwind_Save_WMMXD
                0x08001644                __gnu_Unwind_Restore_WMMXC
                0x08001658                __gnu_Unwind_Save_WMMXC
                0x0800166c                ___Unwind_RaiseException
                0x0800166c                _Unwind_RaiseException
                0x08001690                _Unwind_Resume
                0x08001690                ___Unwind_Resume
                0x080016b4                _Unwind_Resume_or_Rethrow
                0x080016b4                ___Unwind_Resume_or_Rethrow
                0x080016d8                _Unwind_ForcedUnwind
                0x080016d8                ___Unwind_ForcedUnwind
                0x080016fc                ___Unwind_Backtrace
                0x080016fc                _Unwind_Backtrace
 .text          0x08001720      0x378 e:/visualstudiocode/gcc-arm-none-eabi/bin/../lib/gcc/arm-none-eabi/7.2.1/thumb/v7-m\libgcc.a(pr-support.o)
                0x08001778                __gnu_unwind_execute
                0x08001a3c                __gnu_unwind_frame
                0x08001a68                _Unwind_GetRegionStart
                0x08001a74                _Unwind_GetLanguageSpecificData
                0x08001a88                _Unwind_GetDataRelBase
                0x08001a90                _Unwind_GetTextRelBase
 *(.text*)
 .text.MX_I2C2_Init
                0x08001a98       0x34 E:/VisualStudioCode/STM32F1_HAL/build/i2c.o
                0x08001a98                MX_I2C2_Init
 .text.HAL_I2C_MspInit
                0x08001acc       0x5c E:/VisualStudioCode/STM32F1_HAL/build/i2c.o
                0x08001acc                HAL_I2C_MspInit
 .text._Z41__static_initialization_and_destruction_0ii
                0x08001b28       0x70 E:/VisualStudioCode/STM32F1_HAL/build/main.o
 .text._ZN12Serial_Class6PrintfEPKcz
                0x08001b98       0x48 E:/VisualStudioCode/STM32F1_HAL/build/main.o
                0x08001b98                Serial_Class::Printf(char const*, ...)
 .text.test0    0x08001be0       0xa8 E:/VisualStudioCode/STM32F1_HAL/build/main.o
                0x08001be0                test0
 .text.main     0x08001c88       0x1a E:/VisualStudioCode/STM32F1_HAL/build/main.o
                0x08001c88                main
 .text._GLOBAL__sub_I_led_class
                0x08001ca2        0xe E:/VisualStudioCode/STM32F1_HAL/build/main.o
 .text.Reset_Handler
                0x08001cb0       0x48 E:/VisualStudioCode/STM32F1_HAL/build/startup_stm32f103xb.o
                0x08001cb0                Reset_Handler
 .text.Default_Handler
                0x08001cf8        0x2 E:/VisualStudioCode/STM32F1_HAL/build/startup_stm32f103xb.o
                0x08001cf8                RTC_Alarm_IRQHandler
                0x08001cf8                EXTI2_IRQHandler
                0x08001cf8                TIM1_CC_IRQHandler
                0x08001cf8                PVD_IRQHandler
                0x08001cf8                EXTI3_IRQHandler
                0x08001cf8                EXTI0_IRQHandler
                0x08001cf8                I2C2_EV_IRQHandler
                0x08001cf8                ADC1_2_IRQHandler
                0x08001cf8                SPI1_IRQHandler
                0x08001cf8                TAMPER_IRQHandler
                0x08001cf8                DMA1_Channel4_IRQHandler
                0x08001cf8                USART3_IRQHandler
                0x08001cf8                RTC_IRQHandler
                0x08001cf8                DMA1_Channel7_IRQHandler
                0x08001cf8                CAN1_RX1_IRQHandler
                0x08001cf8                TIM4_IRQHandler
                0x08001cf8                I2C1_EV_IRQHandler
                0x08001cf8                DMA1_Channel6_IRQHandler
                0x08001cf8                TIM3_IRQHandler
                0x08001cf8                RCC_IRQHandler
                0x08001cf8                TIM1_TRG_COM_IRQHandler
                0x08001cf8                DMA1_Channel1_IRQHandler
                0x08001cf8                Default_Handler
                0x08001cf8                EXTI15_10_IRQHandler
                0x08001cf8                EXTI9_5_IRQHandler
                0x08001cf8                SPI2_IRQHandler
                0x08001cf8                EXTI4_IRQHandler
                0x08001cf8                USB_LP_CAN1_RX0_IRQHandler
                0x08001cf8                USB_HP_CAN1_TX_IRQHandler
                0x08001cf8                DMA1_Channel3_IRQHandler
                0x08001cf8                TIM1_UP_IRQHandler
                0x08001cf8                WWDG_IRQHandler
                0x08001cf8                TIM2_IRQHandler
                0x08001cf8                TIM1_BRK_IRQHandler
                0x08001cf8                EXTI1_IRQHandler
                0x08001cf8                USART2_IRQHandler
                0x08001cf8                I2C2_ER_IRQHandler
                0x08001cf8                DMA1_Channel2_IRQHandler
                0x08001cf8                CAN1_SCE_IRQHandler
                0x08001cf8                FLASH_IRQHandler
                0x08001cf8                USART1_IRQHandler
                0x08001cf8                I2C1_ER_IRQHandler
                0x08001cf8                USBWakeUp_IRQHandler
 *fill*         0x08001cfa        0x2 
 .text.HAL_InitTick
                0x08001cfc       0x4c E:/VisualStudioCode/STM32F1_HAL/build/stm32f1xx_hal.o
                0x08001cfc                HAL_InitTick
 .text.HAL_Init
                0x08001d48       0x24 E:/VisualStudioCode/STM32F1_HAL/build/stm32f1xx_hal.o
                0x08001d48                HAL_Init
 .text.HAL_IncTick
                0x08001d6c       0x18 E:/VisualStudioCode/STM32F1_HAL/build/stm32f1xx_hal.o
                0x08001d6c                HAL_IncTick
 .text.HAL_GetTick
                0x08001d84        0xc E:/VisualStudioCode/STM32F1_HAL/build/stm32f1xx_hal.o
                0x08001d84                HAL_GetTick
 .text.HAL_Delay
                0x08001d90       0x28 E:/VisualStudioCode/STM32F1_HAL/build/stm32f1xx_hal.o
                0x08001d90                HAL_Delay
 .text.HAL_NVIC_SetPriorityGrouping
                0x08001db8       0x24 E:/VisualStudioCode/STM32F1_HAL/build/stm32f1xx_hal_cortex.o
                0x08001db8                HAL_NVIC_SetPriorityGrouping
 .text.HAL_NVIC_SetPriority
                0x08001ddc       0x68 E:/VisualStudioCode/STM32F1_HAL/build/stm32f1xx_hal_cortex.o
                0x08001ddc                HAL_NVIC_SetPriority
 .text.HAL_NVIC_EnableIRQ
                0x08001e44       0x18 E:/VisualStudioCode/STM32F1_HAL/build/stm32f1xx_hal_cortex.o
                0x08001e44                HAL_NVIC_EnableIRQ
 .text.HAL_SYSTICK_Config
                0x08001e5c       0x2c E:/VisualStudioCode/STM32F1_HAL/build/stm32f1xx_hal_cortex.o
                0x08001e5c                HAL_SYSTICK_Config
 .text.HAL_SYSTICK_CLKSourceConfig
                0x08001e88       0x20 E:/VisualStudioCode/STM32F1_HAL/build/stm32f1xx_hal_cortex.o
                0x08001e88                HAL_SYSTICK_CLKSourceConfig
 .text.HAL_SYSTICK_Callback
                0x08001ea8        0x2 E:/VisualStudioCode/STM32F1_HAL/build/stm32f1xx_hal_cortex.o
                0x08001ea8                HAL_SYSTICK_Callback
 .text.HAL_SYSTICK_IRQHandler
                0x08001eaa        0x8 E:/VisualStudioCode/STM32F1_HAL/build/stm32f1xx_hal_cortex.o
                0x08001eaa                HAL_SYSTICK_IRQHandler
 .text._ZL13DMA_SetConfigP19__DMA_HandleTypeDefmmm
                0x08001eb2       0x2c E:/VisualStudioCode/STM32F1_HAL/build/stm32f1xx_hal_dma.o
 *fill*         0x08001ede        0x2 
 .text.HAL_DMA_Init
                0x08001ee0       0x78 E:/VisualStudioCode/STM32F1_HAL/build/stm32f1xx_hal_dma.o
                0x08001ee0                HAL_DMA_Init
 .text.HAL_DMA_Start_IT
                0x08001f58       0x74 E:/VisualStudioCode/STM32F1_HAL/build/stm32f1xx_hal_dma.o
                0x08001f58                HAL_DMA_Start_IT
 .text.HAL_DMA_IRQHandler
                0x08001fcc      0x144 E:/VisualStudioCode/STM32F1_HAL/build/stm32f1xx_hal_dma.o
                0x08001fcc                HAL_DMA_IRQHandler
 .text.HAL_GPIO_Init
                0x08002110      0x1d4 E:/VisualStudioCode/STM32F1_HAL/build/stm32f1xx_hal_gpio.o
                0x08002110                HAL_GPIO_Init
 .text.HAL_GPIO_WritePin
                0x080022e4        0xc E:/VisualStudioCode/STM32F1_HAL/build/stm32f1xx_hal_gpio.o
                0x080022e4                HAL_GPIO_WritePin
 .text.HAL_I2C_Init
                0x080022f0      0x15c E:/VisualStudioCode/STM32F1_HAL/build/stm32f1xx_hal_i2c.o
                0x080022f0                HAL_I2C_Init
 .text.HAL_MspInit
                0x0800244c       0x90 E:/VisualStudioCode/STM32F1_HAL/build/stm32f1xx_hal_msp.o
                0x0800244c                HAL_MspInit
 .text.SystemClock_Config
                0x080024dc       0x58 E:/VisualStudioCode/STM32F1_HAL/build/stm32f1xx_hal_msp.o
                0x080024dc                SystemClock_Config
 .text._ZL9RCC_Delaym
                0x08002534       0x2c E:/VisualStudioCode/STM32F1_HAL/build/stm32f1xx_hal_rcc.o
 .text.HAL_RCC_OscConfig
                0x08002560      0x3dc E:/VisualStudioCode/STM32F1_HAL/build/stm32f1xx_hal_rcc.o
                0x08002560                HAL_RCC_OscConfig
 .text.HAL_RCC_GetSysClockFreq
                0x0800293c       0x70 E:/VisualStudioCode/STM32F1_HAL/build/stm32f1xx_hal_rcc.o
                0x0800293c                HAL_RCC_GetSysClockFreq
 .text.HAL_RCC_ClockConfig
                0x080029ac      0x178 E:/VisualStudioCode/STM32F1_HAL/build/stm32f1xx_hal_rcc.o
                0x080029ac                HAL_RCC_ClockConfig
 .text.HAL_RCC_GetHCLKFreq
                0x08002b24        0xc E:/VisualStudioCode/STM32F1_HAL/build/stm32f1xx_hal_rcc.o
                0x08002b24                HAL_RCC_GetHCLKFreq
 .text.HAL_RCC_GetPCLK1Freq
                0x08002b30       0x20 E:/VisualStudioCode/STM32F1_HAL/build/stm32f1xx_hal_rcc.o
                0x08002b30                HAL_RCC_GetPCLK1Freq
 .text.HAL_RCC_GetPCLK2Freq
                0x08002b50       0x20 E:/VisualStudioCode/STM32F1_HAL/build/stm32f1xx_hal_rcc.o
                0x08002b50                HAL_RCC_GetPCLK2Freq
 .text._ZL18UART_EndTxTransferP18UART_HandleTypeDef
                0x08002b70       0x12 E:/VisualStudioCode/STM32F1_HAL/build/stm32f1xx_hal_uart.o
 .text._ZL18UART_EndRxTransferP18UART_HandleTypeDef
                0x08002b82       0x1c E:/VisualStudioCode/STM32F1_HAL/build/stm32f1xx_hal_uart.o
 *fill*         0x08002b9e        0x2 
 .text._ZL14UART_SetConfigP18UART_HandleTypeDef
                0x08002ba0      0x1ac E:/VisualStudioCode/STM32F1_HAL/build/stm32f1xx_hal_uart.o
 .text._ZL27UART_WaitOnFlagUntilTimeoutP18UART_HandleTypeDefm10FlagStatusmm
                0x08002d4c       0x66 E:/VisualStudioCode/STM32F1_HAL/build/stm32f1xx_hal_uart.o
 .text.HAL_UART_Init
                0x08002db2       0x5e E:/VisualStudioCode/STM32F1_HAL/build/stm32f1xx_hal_uart.o
                0x08002db2                HAL_UART_Init
 .text.HAL_UART_Transmit
                0x08002e10       0xda E:/VisualStudioCode/STM32F1_HAL/build/stm32f1xx_hal_uart.o
                0x08002e10                HAL_UART_Transmit
 *fill*         0x08002eea        0x2 
 .text.HAL_UART_Receive_DMA
                0x08002eec       0xa8 E:/VisualStudioCode/STM32F1_HAL/build/stm32f1xx_hal_uart.o
                0x08002eec                HAL_UART_Receive_DMA
 .text.HAL_UART_RxCpltCallback
                0x08002f94        0x2 E:/VisualStudioCode/STM32F1_HAL/build/stm32f1xx_hal_uart.o
                0x08002f94                HAL_UART_RxCpltCallback
 .text._ZL19UART_DMAReceiveCpltP19__DMA_HandleTypeDef
                0x08002f96       0x3e E:/VisualStudioCode/STM32F1_HAL/build/stm32f1xx_hal_uart.o
 .text.HAL_UART_RxHalfCpltCallback
                0x08002fd4        0x2 E:/VisualStudioCode/STM32F1_HAL/build/stm32f1xx_hal_uart.o
                0x08002fd4                HAL_UART_RxHalfCpltCallback
 .text._ZL18UART_DMARxHalfCpltP19__DMA_HandleTypeDef
                0x08002fd6        0xa E:/VisualStudioCode/STM32F1_HAL/build/stm32f1xx_hal_uart.o
 .text.HAL_UART_ErrorCallback
                0x08002fe0        0x2 E:/VisualStudioCode/STM32F1_HAL/build/stm32f1xx_hal_uart.o
                0x08002fe0                HAL_UART_ErrorCallback
 .text._ZL13UART_DMAErrorP19__DMA_HandleTypeDef
                0x08002fe2       0x58 E:/VisualStudioCode/STM32F1_HAL/build/stm32f1xx_hal_uart.o
 .text.NMI_Handler
                0x0800303a        0x2 E:/VisualStudioCode/STM32F1_HAL/build/stm32f1xx_it.o
                0x0800303a                NMI_Handler
 .text.HardFault_Handler
                0x0800303c        0x2 E:/VisualStudioCode/STM32F1_HAL/build/stm32f1xx_it.o
                0x0800303c                HardFault_Handler
 .text.MemManage_Handler
                0x0800303e        0x2 E:/VisualStudioCode/STM32F1_HAL/build/stm32f1xx_it.o
                0x0800303e                MemManage_Handler
 .text.BusFault_Handler
                0x08003040        0x2 E:/VisualStudioCode/STM32F1_HAL/build/stm32f1xx_it.o
                0x08003040                BusFault_Handler
 .text.UsageFault_Handler
                0x08003042        0x2 E:/VisualStudioCode/STM32F1_HAL/build/stm32f1xx_it.o
                0x08003042                UsageFault_Handler
 .text.SVC_Handler
                0x08003044        0x2 E:/VisualStudioCode/STM32F1_HAL/build/stm32f1xx_it.o
                0x08003044                SVC_Handler
 .text.DebugMon_Handler
                0x08003046        0x2 E:/VisualStudioCode/STM32F1_HAL/build/stm32f1xx_it.o
                0x08003046                DebugMon_Handler
 .text.PendSV_Handler
                0x08003048        0x2 E:/VisualStudioCode/STM32F1_HAL/build/stm32f1xx_it.o
                0x08003048                PendSV_Handler
 .text.SysTick_Handler
                0x0800304a        0xc E:/VisualStudioCode/STM32F1_HAL/build/stm32f1xx_it.o
                0x0800304a                SysTick_Handler
 *fill*         0x08003056        0x2 
 .text.DMA1_Channel5_IRQHandler
                0x08003058       0x10 E:/VisualStudioCode/STM32F1_HAL/build/stm32f1xx_it.o
                0x08003058                DMA1_Channel5_IRQHandler
 .text.SystemInit
                0x08003068       0x4c E:/VisualStudioCode/STM32F1_HAL/build/system_stm32f1xx.o
                0x08003068                SystemInit
 .text._write   0x080030b4       0x14 E:/VisualStudioCode/STM32F1_HAL/build/usart.o
                0x080030b4                _write
 .text.HAL_UART_MspInit
                0x080030c8       0x98 E:/VisualStudioCode/STM32F1_HAL/build/usart.o
                0x080030c8                HAL_UART_MspInit
 .text.MX_UART_DMA_Init
                0x08003160       0x34 E:/VisualStudioCode/STM32F1_HAL/build/usart.o
                0x08003160                MX_UART_DMA_Init
 .text.MX_USART1_UART_Init
                0x08003194       0x30 E:/VisualStudioCode/STM32F1_HAL/build/usart.o
                0x08003194                MX_USART1_UART_Init
 .text.__libc_init_array
                0x080031c4       0x48 e:/visualstudiocode/gcc-arm-none-eabi/bin/../lib/gcc/arm-none-eabi/7.2.1/../../../../arm-none-eabi/lib/thumb/v7-m\libc_nano.a(lib_a-init.o)
                0x080031c4                __libc_init_array
 .text.memset   0x0800320c       0x10 e:/visualstudiocode/gcc-arm-none-eabi/bin/../lib/gcc/arm-none-eabi/7.2.1/../../../../arm-none-eabi/lib/thumb/v7-m\libc_nano.a(lib_a-memset.o)
                0x0800320c                memset
 .text.__cvt    0x0800321c       0xb8 e:/visualstudiocode/gcc-arm-none-eabi/bin/../lib/gcc/arm-none-eabi/7.2.1/../../../../arm-none-eabi/lib/thumb/v7-m\libc_nano.a(lib_a-nano-vfprintf_float.o)
                0x0800321c                __cvt
 .text.__exponent
                0x080032d4       0x6a e:/visualstudiocode/gcc-arm-none-eabi/bin/../lib/gcc/arm-none-eabi/7.2.1/../../../../arm-none-eabi/lib/thumb/v7-m\libc_nano.a(lib_a-nano-vfprintf_float.o)
                0x080032d4                __exponent
 *fill*         0x0800333e        0x2 
 .text._printf_float
                0x08003340      0x46c e:/visualstudiocode/gcc-arm-none-eabi/bin/../lib/gcc/arm-none-eabi/7.2.1/../../../../arm-none-eabi/lib/thumb/v7-m\libc_nano.a(lib_a-nano-vfprintf_float.o)
                0x08003340                _printf_float
 .text._printf_common
                0x080037ac       0xec e:/visualstudiocode/gcc-arm-none-eabi/bin/../lib/gcc/arm-none-eabi/7.2.1/../../../../arm-none-eabi/lib/thumb/v7-m\libc_nano.a(lib_a-nano-vfprintf_i.o)
                0x080037ac                _printf_common
 .text._printf_i
                0x08003898      0x224 e:/visualstudiocode/gcc-arm-none-eabi/bin/../lib/gcc/arm-none-eabi/7.2.1/../../../../arm-none-eabi/lib/thumb/v7-m\libc_nano.a(lib_a-nano-vfprintf_i.o)
                0x08003898                _printf_i
 .text.printf   0x08003abc       0x30 e:/visualstudiocode/gcc-arm-none-eabi/bin/../lib/gcc/arm-none-eabi/7.2.1/../../../../arm-none-eabi/lib/thumb/v7-m\libc_nano.a(lib_a-printf.o)
                0x08003abc                iprintf
                0x08003abc                printf
 .text._vsnprintf_r
                0x08003aec       0x58 e:/visualstudiocode/gcc-arm-none-eabi/bin/../lib/gcc/arm-none-eabi/7.2.1/../../../../arm-none-eabi/lib/thumb/v7-m\libc_nano.a(lib_a-vsnprintf.o)
                0x08003aec                _vsniprintf_r
                0x08003aec                _vsnprintf_r
 .text.vsnprintf
                0x08003b44       0x1c e:/visualstudiocode/gcc-arm-none-eabi/bin/../lib/gcc/arm-none-eabi/7.2.1/../../../../arm-none-eabi/lib/thumb/v7-m\libc_nano.a(lib_a-vsnprintf.o)
                0x08003b44                vsniprintf
                0x08003b44                vsnprintf
 .text.quorem   0x08003b60      0x11c e:/visualstudiocode/gcc-arm-none-eabi/bin/../lib/gcc/arm-none-eabi/7.2.1/../../../../arm-none-eabi/lib/thumb/v7-m\libc_nano.a(lib_a-dtoa.o)
 *fill*         0x08003c7c        0x4 
 .text._dtoa_r  0x08003c80      0xb68 e:/visualstudiocode/gcc-arm-none-eabi/bin/../lib/gcc/arm-none-eabi/7.2.1/../../../../arm-none-eabi/lib/thumb/v7-m\libc_nano.a(lib_a-dtoa.o)
                0x08003c80                _dtoa_r
 .text.std      0x080047e8       0x48 e:/visualstudiocode/gcc-arm-none-eabi/bin/../lib/gcc/arm-none-eabi/7.2.1/../../../../arm-none-eabi/lib/thumb/v7-m\libc_nano.a(lib_a-findfp.o)
 .text._cleanup_r
                0x08004830        0xc e:/visualstudiocode/gcc-arm-none-eabi/bin/../lib/gcc/arm-none-eabi/7.2.1/../../../../arm-none-eabi/lib/thumb/v7-m\libc_nano.a(lib_a-findfp.o)
                0x08004830                _cleanup_r
 .text.__sfmoreglue
                0x0800483c       0x2c e:/visualstudiocode/gcc-arm-none-eabi/bin/../lib/gcc/arm-none-eabi/7.2.1/../../../../arm-none-eabi/lib/thumb/v7-m\libc_nano.a(lib_a-findfp.o)
                0x0800483c                __sfmoreglue
 .text.__sinit  0x08004868       0x60 e:/visualstudiocode/gcc-arm-none-eabi/bin/../lib/gcc/arm-none-eabi/7.2.1/../../../../arm-none-eabi/lib/thumb/v7-m\libc_nano.a(lib_a-findfp.o)
                0x08004868                __sinit
 .text.__sfp    0x080048c8       0x78 e:/visualstudiocode/gcc-arm-none-eabi/bin/../lib/gcc/arm-none-eabi/7.2.1/../../../../arm-none-eabi/lib/thumb/v7-m\libc_nano.a(lib_a-findfp.o)
                0x080048c8                __sfp
 .text._fwalk_reent
                0x08004940       0x3c e:/visualstudiocode/gcc-arm-none-eabi/bin/../lib/gcc/arm-none-eabi/7.2.1/../../../../arm-none-eabi/lib/thumb/v7-m\libc_nano.a(lib_a-fwalk.o)
                0x08004940                _fwalk_reent
 .text._localeconv_r
                0x0800497c       0x1c e:/visualstudiocode/gcc-arm-none-eabi/bin/../lib/gcc/arm-none-eabi/7.2.1/../../../../arm-none-eabi/lib/thumb/v7-m\libc_nano.a(lib_a-localeconv.o)
                0x0800497c                _localeconv_r
 .text.malloc   0x08004998       0x10 e:/visualstudiocode/gcc-arm-none-eabi/bin/../lib/gcc/arm-none-eabi/7.2.1/../../../../arm-none-eabi/lib/thumb/v7-m\libc_nano.a(lib_a-malloc.o)
                0x08004998                malloc
 .text.memchr   0x080049a8       0x1c e:/visualstudiocode/gcc-arm-none-eabi/bin/../lib/gcc/arm-none-eabi/7.2.1/../../../../arm-none-eabi/lib/thumb/v7-m\libc_nano.a(lib_a-memchr-stub.o)
                0x080049a8                memchr
 .text.memcpy   0x080049c4       0x16 e:/visualstudiocode/gcc-arm-none-eabi/bin/../lib/gcc/arm-none-eabi/7.2.1/../../../../arm-none-eabi/lib/thumb/v7-m\libc_nano.a(lib_a-memcpy-stub.o)
                0x080049c4                memcpy
 .text._Balloc  0x080049da       0x68 e:/visualstudiocode/gcc-arm-none-eabi/bin/../lib/gcc/arm-none-eabi/7.2.1/../../../../arm-none-eabi/lib/thumb/v7-m\libc_nano.a(lib_a-mprec.o)
                0x080049da                _Balloc
 .text._Bfree   0x08004a42       0x2e e:/visualstudiocode/gcc-arm-none-eabi/bin/../lib/gcc/arm-none-eabi/7.2.1/../../../../arm-none-eabi/lib/thumb/v7-m\libc_nano.a(lib_a-mprec.o)
                0x08004a42                _Bfree
 .text.__multadd
                0x08004a70       0x76 e:/visualstudiocode/gcc-arm-none-eabi/bin/../lib/gcc/arm-none-eabi/7.2.1/../../../../arm-none-eabi/lib/thumb/v7-m\libc_nano.a(lib_a-mprec.o)
                0x08004a70                __multadd
 .text.__hi0bits
                0x08004ae6       0x3e e:/visualstudiocode/gcc-arm-none-eabi/bin/../lib/gcc/arm-none-eabi/7.2.1/../../../../arm-none-eabi/lib/thumb/v7-m\libc_nano.a(lib_a-mprec.o)
                0x08004ae6                __hi0bits
 .text.__lo0bits
                0x08004b24       0x5e e:/visualstudiocode/gcc-arm-none-eabi/bin/../lib/gcc/arm-none-eabi/7.2.1/../../../../arm-none-eabi/lib/thumb/v7-m\libc_nano.a(lib_a-mprec.o)
                0x08004b24                __lo0bits
 .text.__i2b    0x08004b82       0x12 e:/visualstudiocode/gcc-arm-none-eabi/bin/../lib/gcc/arm-none-eabi/7.2.1/../../../../arm-none-eabi/lib/thumb/v7-m\libc_nano.a(lib_a-mprec.o)
                0x08004b82                __i2b
 .text.__multiply
                0x08004b94      0x12a e:/visualstudiocode/gcc-arm-none-eabi/bin/../lib/gcc/arm-none-eabi/7.2.1/../../../../arm-none-eabi/lib/thumb/v7-m\libc_nano.a(lib_a-mprec.o)
                0x08004b94                __multiply
 *fill*         0x08004cbe        0x2 
 .text.__pow5mult
                0x08004cc0       0x9c e:/visualstudiocode/gcc-arm-none-eabi/bin/../lib/gcc/arm-none-eabi/7.2.1/../../../../arm-none-eabi/lib/thumb/v7-m\libc_nano.a(lib_a-mprec.o)
                0x08004cc0                __pow5mult
 .text.__lshift
                0x08004d5c       0xa8 e:/visualstudiocode/gcc-arm-none-eabi/bin/../lib/gcc/arm-none-eabi/7.2.1/../../../../arm-none-eabi/lib/thumb/v7-m\libc_nano.a(lib_a-mprec.o)
                0x08004d5c                __lshift
 .text.__mcmp   0x08004e04       0x34 e:/visualstudiocode/gcc-arm-none-eabi/bin/../lib/gcc/arm-none-eabi/7.2.1/../../../../arm-none-eabi/lib/thumb/v7-m\libc_nano.a(lib_a-mprec.o)
                0x08004e04                __mcmp
 .text.__mdiff  0x08004e38       0xbc e:/visualstudiocode/gcc-arm-none-eabi/bin/../lib/gcc/arm-none-eabi/7.2.1/../../../../arm-none-eabi/lib/thumb/v7-m\libc_nano.a(lib_a-mprec.o)
                0x08004e38                __mdiff
 .text.__d2b    0x08004ef4       0x9e e:/visualstudiocode/gcc-arm-none-eabi/bin/../lib/gcc/arm-none-eabi/7.2.1/../../../../arm-none-eabi/lib/thumb/v7-m\libc_nano.a(lib_a-mprec.o)
                0x08004ef4                __d2b
 .text._calloc_r
                0x08004f92       0x1c e:/visualstudiocode/gcc-arm-none-eabi/bin/../lib/gcc/arm-none-eabi/7.2.1/../../../../arm-none-eabi/lib/thumb/v7-m\libc_nano.a(lib_a-nano-callocr.o)
                0x08004f92                _calloc_r
 *fill*         0x08004fae        0x2 
 .text._free_r  0x08004fb0       0x98 e:/visualstudiocode/gcc-arm-none-eabi/bin/../lib/gcc/arm-none-eabi/7.2.1/../../../../arm-none-eabi/lib/thumb/v7-m\libc_nano.a(lib_a-nano-freer.o)
                0x08004fb0                _free_r
 .text._malloc_r
                0x08005048       0xb4 e:/visualstudiocode/gcc-arm-none-eabi/bin/../lib/gcc/arm-none-eabi/7.2.1/../../../../arm-none-eabi/lib/thumb/v7-m\libc_nano.a(lib_a-nano-mallocr.o)
                0x08005048                _malloc_r
 .text.__ssputs_r
                0x080050fc       0xb4 e:/visualstudiocode/gcc-arm-none-eabi/bin/../lib/gcc/arm-none-eabi/7.2.1/../../../../arm-none-eabi/lib/thumb/v7-m\libc_nano.a(lib_a-nano-svfprintf.o)
                0x080050fc                __ssputs_r
 .text._svfprintf_r
                0x080051b0      0x1ec e:/visualstudiocode/gcc-arm-none-eabi/bin/../lib/gcc/arm-none-eabi/7.2.1/../../../../arm-none-eabi/lib/thumb/v7-m\libc_nano.a(lib_a-nano-svfprintf.o)
                0x080051b0                _svfiprintf_r
                0x080051b0                _svfprintf_r
 .text.__sfputc_r
                0x0800539c       0x2a e:/visualstudiocode/gcc-arm-none-eabi/bin/../lib/gcc/arm-none-eabi/7.2.1/../../../../arm-none-eabi/lib/thumb/v7-m\libc_nano.a(lib_a-nano-vfprintf.o)
 .text.__sfputs_r
                0x080053c6       0x24 e:/visualstudiocode/gcc-arm-none-eabi/bin/../lib/gcc/arm-none-eabi/7.2.1/../../../../arm-none-eabi/lib/thumb/v7-m\libc_nano.a(lib_a-nano-vfprintf.o)
                0x080053c6                __sfputs_r
 *fill*         0x080053ea        0x2 
 .text._vfprintf_r
                0x080053ec      0x228 e:/visualstudiocode/gcc-arm-none-eabi/bin/../lib/gcc/arm-none-eabi/7.2.1/../../../../arm-none-eabi/lib/thumb/v7-m\libc_nano.a(lib_a-nano-vfprintf.o)
                0x080053ec                _vfprintf_r
                0x080053ec                _vfiprintf_r
 .text._sbrk_r  0x08005614       0x20 e:/visualstudiocode/gcc-arm-none-eabi/bin/../lib/gcc/arm-none-eabi/7.2.1/../../../../arm-none-eabi/lib/thumb/v7-m\libc_nano.a(lib_a-sbrkr.o)
                0x08005614                _sbrk_r
 .text.__sread  0x08005634       0x22 e:/visualstudiocode/gcc-arm-none-eabi/bin/../lib/gcc/arm-none-eabi/7.2.1/../../../../arm-none-eabi/lib/thumb/v7-m\libc_nano.a(lib_a-stdio.o)
                0x08005634                __sread
 .text.__swrite
                0x08005656       0x38 e:/visualstudiocode/gcc-arm-none-eabi/bin/../lib/gcc/arm-none-eabi/7.2.1/../../../../arm-none-eabi/lib/thumb/v7-m\libc_nano.a(lib_a-stdio.o)
                0x08005656                __swrite
 .text.__sseek  0x0800568e       0x24 e:/visualstudiocode/gcc-arm-none-eabi/bin/../lib/gcc/arm-none-eabi/7.2.1/../../../../arm-none-eabi/lib/thumb/v7-m\libc_nano.a(lib_a-stdio.o)
                0x0800568e                __sseek
 .text.__sclose
                0x080056b2        0x8 e:/visualstudiocode/gcc-arm-none-eabi/bin/../lib/gcc/arm-none-eabi/7.2.1/../../../../arm-none-eabi/lib/thumb/v7-m\libc_nano.a(lib_a-stdio.o)
                0x080056b2                __sclose
 *fill*         0x080056ba        0x2 
 .text.__swbuf_r
                0x080056bc       0xa4 e:/visualstudiocode/gcc-arm-none-eabi/bin/../lib/gcc/arm-none-eabi/7.2.1/../../../../arm-none-eabi/lib/thumb/v7-m\libc_nano.a(lib_a-wbuf.o)
                0x080056bc                __swbuf_r
 .text._write_r
                0x08005760       0x24 e:/visualstudiocode/gcc-arm-none-eabi/bin/../lib/gcc/arm-none-eabi/7.2.1/../../../../arm-none-eabi/lib/thumb/v7-m\libc_nano.a(lib_a-writer.o)
                0x08005760                _write_r
 .text.__swsetup_r
                0x08005784       0xdc e:/visualstudiocode/gcc-arm-none-eabi/bin/../lib/gcc/arm-none-eabi/7.2.1/../../../../arm-none-eabi/lib/thumb/v7-m\libc_nano.a(lib_a-wsetup.o)
                0x08005784                __swsetup_r
 .text._close_r
                0x08005860       0x20 e:/visualstudiocode/gcc-arm-none-eabi/bin/../lib/gcc/arm-none-eabi/7.2.1/../../../../arm-none-eabi/lib/thumb/v7-m\libc_nano.a(lib_a-closer.o)
                0x08005860                _close_r
 .text.__sflush_r
                0x08005880      0x10c e:/visualstudiocode/gcc-arm-none-eabi/bin/../lib/gcc/arm-none-eabi/7.2.1/../../../../arm-none-eabi/lib/thumb/v7-m\libc_nano.a(lib_a-fflush.o)
                0x08005880                __sflush_r
 .text._fflush_r
                0x0800598c       0x54 e:/visualstudiocode/gcc-arm-none-eabi/bin/../lib/gcc/arm-none-eabi/7.2.1/../../../../arm-none-eabi/lib/thumb/v7-m\libc_nano.a(lib_a-fflush.o)
                0x0800598c                _fflush_r
 .text._lseek_r
                0x080059e0       0x24 e:/visualstudiocode/gcc-arm-none-eabi/bin/../lib/gcc/arm-none-eabi/7.2.1/../../../../arm-none-eabi/lib/thumb/v7-m\libc_nano.a(lib_a-lseekr.o)
                0x080059e0                _lseek_r
 .text.__swhatbuf_r
                0x08005a04       0x48 e:/visualstudiocode/gcc-arm-none-eabi/bin/../lib/gcc/arm-none-eabi/7.2.1/../../../../arm-none-eabi/lib/thumb/v7-m\libc_nano.a(lib_a-makebuf.o)
                0x08005a04                __swhatbuf_r
 .text.__smakebuf_r
                0x08005a4c       0x80 e:/visualstudiocode/gcc-arm-none-eabi/bin/../lib/gcc/arm-none-eabi/7.2.1/../../../../arm-none-eabi/lib/thumb/v7-m\libc_nano.a(lib_a-makebuf.o)
                0x08005a4c                __smakebuf_r
 .text.__ascii_mbtowc
                0x08005acc       0x24 e:/visualstudiocode/gcc-arm-none-eabi/bin/../lib/gcc/arm-none-eabi/7.2.1/../../../../arm-none-eabi/lib/thumb/v7-m\libc_nano.a(lib_a-mbtowc_r.o)
                0x08005acc                __ascii_mbtowc
 .text.memmove  0x08005af0       0x32 e:/visualstudiocode/gcc-arm-none-eabi/bin/../lib/gcc/arm-none-eabi/7.2.1/../../../../arm-none-eabi/lib/thumb/v7-m\libc_nano.a(lib_a-memmove.o)
                0x08005af0                memmove
 .text.__malloc_lock
                0x08005b22        0x2 e:/visualstudiocode/gcc-arm-none-eabi/bin/../lib/gcc/arm-none-eabi/7.2.1/../../../../arm-none-eabi/lib/thumb/v7-m\libc_nano.a(lib_a-mlock.o)
                0x08005b22                __malloc_lock
 .text.__malloc_unlock
                0x08005b24        0x2 e:/visualstudiocode/gcc-arm-none-eabi/bin/../lib/gcc/arm-none-eabi/7.2.1/../../../../arm-none-eabi/lib/thumb/v7-m\libc_nano.a(lib_a-mlock.o)
                0x08005b24                __malloc_unlock
 .text._realloc_r
                0x08005b26       0x4c e:/visualstudiocode/gcc-arm-none-eabi/bin/../lib/gcc/arm-none-eabi/7.2.1/../../../../arm-none-eabi/lib/thumb/v7-m\libc_nano.a(lib_a-nano-reallocr.o)
                0x08005b26                _realloc_r
 *fill*         0x08005b72        0x2 
 .text._read_r  0x08005b74       0x24 e:/visualstudiocode/gcc-arm-none-eabi/bin/../lib/gcc/arm-none-eabi/7.2.1/../../../../arm-none-eabi/lib/thumb/v7-m\libc_nano.a(lib_a-readr.o)
                0x08005b74                _read_r
 .text.__ascii_wctomb
                0x08005b98       0x1a e:/visualstudiocode/gcc-arm-none-eabi/bin/../lib/gcc/arm-none-eabi/7.2.1/../../../../arm-none-eabi/lib/thumb/v7-m\libc_nano.a(lib_a-wctomb_r.o)
                0x08005b98                __ascii_wctomb
 *fill*         0x08005bb2        0x2 
 .text._fstat_r
                0x08005bb4       0x24 e:/visualstudiocode/gcc-arm-none-eabi/bin/../lib/gcc/arm-none-eabi/7.2.1/../../../../arm-none-eabi/lib/thumb/v7-m\libc_nano.a(lib_a-fstatr.o)
                0x08005bb4                _fstat_r
 .text._isatty_r
                0x08005bd8       0x20 e:/visualstudiocode/gcc-arm-none-eabi/bin/../lib/gcc/arm-none-eabi/7.2.1/../../../../arm-none-eabi/lib/thumb/v7-m\libc_nano.a(lib_a-isattyr.o)
                0x08005bd8                _isatty_r
 .text._malloc_usable_size_r
                0x08005bf8       0x10 e:/visualstudiocode/gcc-arm-none-eabi/bin/../lib/gcc/arm-none-eabi/7.2.1/../../../../arm-none-eabi/lib/thumb/v7-m\libc_nano.a(lib_a-nano-msizer.o)
                0x08005bf8                _malloc_usable_size_r
 .text.abort    0x08005c08        0xe e:/visualstudiocode/gcc-arm-none-eabi/bin/../lib/gcc/arm-none-eabi/7.2.1/../../../../arm-none-eabi/lib/thumb/v7-m\libc_nano.a(lib_a-abort.o)
                0x08005c08                abort
 .text._raise_r
                0x08005c16       0x50 e:/visualstudiocode/gcc-arm-none-eabi/bin/../lib/gcc/arm-none-eabi/7.2.1/../../../../arm-none-eabi/lib/thumb/v7-m\libc_nano.a(lib_a-signal.o)
                0x08005c16                _raise_r
 *fill*         0x08005c66        0x2 
 .text.raise    0x08005c68       0x10 e:/visualstudiocode/gcc-arm-none-eabi/bin/../lib/gcc/arm-none-eabi/7.2.1/../../../../arm-none-eabi/lib/thumb/v7-m\libc_nano.a(lib_a-signal.o)
                0x08005c68                raise
 .text._kill_r  0x08005c78       0x24 e:/visualstudiocode/gcc-arm-none-eabi/bin/../lib/gcc/arm-none-eabi/7.2.1/../../../../arm-none-eabi/lib/thumb/v7-m\libc_nano.a(lib_a-signalr.o)
                0x08005c78                _kill_r
 .text._getpid_r
                0x08005c9c        0x4 e:/visualstudiocode/gcc-arm-none-eabi/bin/../lib/gcc/arm-none-eabi/7.2.1/../../../../arm-none-eabi/lib/thumb/v7-m\libc_nano.a(lib_a-signalr.o)
                0x08005c9c                _getpid_r
 .text._close   0x08005ca0       0x10 e:/visualstudiocode/gcc-arm-none-eabi/bin/../lib/gcc/arm-none-eabi/7.2.1/../../../../arm-none-eabi/lib/thumb/v7-m\libnosys.a(close.o)
                0x08005ca0                _close
 .text._fstat   0x08005cb0       0x10 e:/visualstudiocode/gcc-arm-none-eabi/bin/../lib/gcc/arm-none-eabi/7.2.1/../../../../arm-none-eabi/lib/thumb/v7-m\libnosys.a(fstat.o)
                0x08005cb0                _fstat
 .text._getpid  0x08005cc0       0x10 e:/visualstudiocode/gcc-arm-none-eabi/bin/../lib/gcc/arm-none-eabi/7.2.1/../../../../arm-none-eabi/lib/thumb/v7-m\libnosys.a(getpid.o)
                0x08005cc0                _getpid
 .text._isatty  0x08005cd0       0x10 e:/visualstudiocode/gcc-arm-none-eabi/bin/../lib/gcc/arm-none-eabi/7.2.1/../../../../arm-none-eabi/lib/thumb/v7-m\libnosys.a(isatty.o)
                0x08005cd0                _isatty
 .text._kill    0x08005ce0       0x10 e:/visualstudiocode/gcc-arm-none-eabi/bin/../lib/gcc/arm-none-eabi/7.2.1/../../../../arm-none-eabi/lib/thumb/v7-m\libnosys.a(kill.o)
                0x08005ce0                _kill
 .text._lseek   0x08005cf0       0x10 e:/visualstudiocode/gcc-arm-none-eabi/bin/../lib/gcc/arm-none-eabi/7.2.1/../../../../arm-none-eabi/lib/thumb/v7-m\libnosys.a(lseek.o)
                0x08005cf0                _lseek
 .text._read    0x08005d00       0x10 e:/visualstudiocode/gcc-arm-none-eabi/bin/../lib/gcc/arm-none-eabi/7.2.1/../../../../arm-none-eabi/lib/thumb/v7-m\libnosys.a(read.o)
                0x08005d00                _read
 .text._sbrk    0x08005d10       0x1c e:/visualstudiocode/gcc-arm-none-eabi/bin/../lib/gcc/arm-none-eabi/7.2.1/../../../../arm-none-eabi/lib/thumb/v7-m\libnosys.a(sbrk.o)
                0x08005d10                _sbrk
 .text._exit    0x08005d2c        0x4 e:/visualstudiocode/gcc-arm-none-eabi/bin/../lib/gcc/arm-none-eabi/7.2.1/../../../../arm-none-eabi/lib/thumb/v7-m\libnosys.a(_exit.o)
                0x08005d2c                _exit
 *(.glue_7)
 .glue_7        0x08005d30        0x0 linker stubs
 *(.glue_7t)
 .glue_7t       0x08005d30        0x0 linker stubs
 *(.eh_frame)
 .eh_frame      0x08005d30        0x0 e:/visualstudiocode/gcc-arm-none-eabi/bin/../lib/gcc/arm-none-eabi/7.2.1/thumb/v7-m/crtbegin.o
 *(.init)
 .init          0x08005d30        0x4 e:/visualstudiocode/gcc-arm-none-eabi/bin/../lib/gcc/arm-none-eabi/7.2.1/thumb/v7-m/crti.o
                0x08005d30                _init
 .init          0x08005d34        0x8 e:/visualstudiocode/gcc-arm-none-eabi/bin/../lib/gcc/arm-none-eabi/7.2.1/thumb/v7-m/crtn.o
 *(.fini)
 .fini          0x08005d3c        0x4 e:/visualstudiocode/gcc-arm-none-eabi/bin/../lib/gcc/arm-none-eabi/7.2.1/thumb/v7-m/crti.o
                0x08005d3c                _fini
 .fini          0x08005d40        0x8 e:/visualstudiocode/gcc-arm-none-eabi/bin/../lib/gcc/arm-none-eabi/7.2.1/thumb/v7-m/crtn.o
                0x08005d48                . = ALIGN (0x4)
                0x08005d48                _etext = .

.vfp11_veneer   0x08005d48        0x0
 .vfp11_veneer  0x08005d48        0x0 linker stubs

.v4_bx          0x08005d48        0x0
 .v4_bx         0x08005d48        0x0 linker stubs

.iplt           0x08005d48        0x0
 .iplt          0x08005d48        0x0 e:/visualstudiocode/gcc-arm-none-eabi/bin/../lib/gcc/arm-none-eabi/7.2.1/thumb/v7-m/crtbegin.o

.rodata         0x08005d48      0x348
                0x08005d48                . = ALIGN (0x4)
 *(.rodata)
 .rodata        0x08005d48       0x12 E:/VisualStudioCode/STM32F1_HAL/build/stm32f1xx_hal_rcc.o
 *(.rodata*)
 *fill*         0x08005d5a        0x2 
 .rodata.test0.str1.4
                0x08005d5c       0x5c E:/VisualStudioCode/STM32F1_HAL/build/main.o
                                 0x5b (size before relaxing)
 .rodata.AHBPrescTable
                0x08005db8       0x10 E:/VisualStudioCode/STM32F1_HAL/build/system_stm32f1xx.o
                0x08005db8                AHBPrescTable
 .rodata.APBPrescTable
                0x08005dc8        0x8 E:/VisualStudioCode/STM32F1_HAL/build/system_stm32f1xx.o
                0x08005dc8                APBPrescTable
 .rodata._global_impure_ptr
                0x08005dd0        0x4 e:/visualstudiocode/gcc-arm-none-eabi/bin/../lib/gcc/arm-none-eabi/7.2.1/../../../../arm-none-eabi/lib/thumb/v7-m\libc_nano.a(lib_a-impure.o)
                0x08005dd0                _global_impure_ptr
 .rodata._printf_float.str1.1
                0x08005dd4       0x12 e:/visualstudiocode/gcc-arm-none-eabi/bin/../lib/gcc/arm-none-eabi/7.2.1/../../../../arm-none-eabi/lib/thumb/v7-m\libc_nano.a(lib_a-nano-vfprintf_float.o)
 .rodata._printf_i.str1.1
                0x08005de6       0x22 e:/visualstudiocode/gcc-arm-none-eabi/bin/../lib/gcc/arm-none-eabi/7.2.1/../../../../arm-none-eabi/lib/thumb/v7-m\libc_nano.a(lib_a-nano-vfprintf_i.o)
 .rodata._dtoa_r.str1.1
                0x08005e08        0xd e:/visualstudiocode/gcc-arm-none-eabi/bin/../lib/gcc/arm-none-eabi/7.2.1/../../../../arm-none-eabi/lib/thumb/v7-m\libc_nano.a(lib_a-dtoa.o)
                                  0xf (size before relaxing)
 *fill*         0x08005e15        0x3 
 .rodata.__sf_fake_stderr
                0x08005e18       0x20 e:/visualstudiocode/gcc-arm-none-eabi/bin/../lib/gcc/arm-none-eabi/7.2.1/../../../../arm-none-eabi/lib/thumb/v7-m\libc_nano.a(lib_a-findfp.o)
                0x08005e18                __sf_fake_stderr
 .rodata.__sf_fake_stdin
                0x08005e38       0x20 e:/visualstudiocode/gcc-arm-none-eabi/bin/../lib/gcc/arm-none-eabi/7.2.1/../../../../arm-none-eabi/lib/thumb/v7-m\libc_nano.a(lib_a-findfp.o)
                0x08005e38                __sf_fake_stdin
 .rodata.__sf_fake_stdout
                0x08005e58       0x20 e:/visualstudiocode/gcc-arm-none-eabi/bin/../lib/gcc/arm-none-eabi/7.2.1/../../../../arm-none-eabi/lib/thumb/v7-m\libc_nano.a(lib_a-findfp.o)
                0x08005e58                __sf_fake_stdout
 .rodata.__mprec_bigtens
                0x08005e78       0x28 e:/visualstudiocode/gcc-arm-none-eabi/bin/../lib/gcc/arm-none-eabi/7.2.1/../../../../arm-none-eabi/lib/thumb/v7-m\libc_nano.a(lib_a-mprec.o)
                0x08005e78                __mprec_bigtens
 .rodata.__mprec_tens
                0x08005ea0       0xc8 e:/visualstudiocode/gcc-arm-none-eabi/bin/../lib/gcc/arm-none-eabi/7.2.1/../../../../arm-none-eabi/lib/thumb/v7-m\libc_nano.a(lib_a-mprec.o)
                0x08005ea0                __mprec_tens
 .rodata.p05.6084
                0x08005f68        0xc e:/visualstudiocode/gcc-arm-none-eabi/bin/../lib/gcc/arm-none-eabi/7.2.1/../../../../arm-none-eabi/lib/thumb/v7-m\libc_nano.a(lib_a-mprec.o)
 .rodata._svfprintf_r.str1.1
                0x08005f74       0x11 e:/visualstudiocode/gcc-arm-none-eabi/bin/../lib/gcc/arm-none-eabi/7.2.1/../../../../arm-none-eabi/lib/thumb/v7-m\libc_nano.a(lib_a-nano-svfprintf.o)
 .rodata._vfprintf_r.str1.1
                0x08005f85       0x11 e:/visualstudiocode/gcc-arm-none-eabi/bin/../lib/gcc/arm-none-eabi/7.2.1/../../../../arm-none-eabi/lib/thumb/v7-m\libc_nano.a(lib_a-nano-vfprintf.o)
 .rodata._setlocale_r.str1.1
                0x08005f85        0x8 e:/visualstudiocode/gcc-arm-none-eabi/bin/../lib/gcc/arm-none-eabi/7.2.1/../../../../arm-none-eabi/lib/thumb/v7-m\libc_nano.a(lib_a-locale.o)
                                  0x9 (size before relaxing)
 .rodata.str1.1
                0x08005f8d        0x2 e:/visualstudiocode/gcc-arm-none-eabi/bin/../lib/gcc/arm-none-eabi/7.2.1/../../../../arm-none-eabi/lib/thumb/v7-m\libc_nano.a(lib_a-locale.o)
 .rodata._ctype_
                0x08005f8f      0x101 e:/visualstudiocode/gcc-arm-none-eabi/bin/../lib/gcc/arm-none-eabi/7.2.1/../../../../arm-none-eabi/lib/thumb/v7-m\libc_nano.a(lib_a-ctype_.o)
                0x08005f8f                _ctype_
                0x08006090                . = ALIGN (0x4)

.ARM.extab      0x08006090       0x90
 *(.ARM.extab* .gnu.linkonce.armextab.*)
 .ARM.extab.text.MX_I2C2_Init
                0x08006090        0xc E:/VisualStudioCode/STM32F1_HAL/build/i2c.o
 .ARM.extab.text._ZN12Serial_Class6PrintfEPKcz
                0x0800609c        0xc E:/VisualStudioCode/STM32F1_HAL/build/main.o
 .ARM.extab.text.main
                0x080060a8        0xc E:/VisualStudioCode/STM32F1_HAL/build/main.o
 .ARM.extab.text.HAL_Init
                0x080060b4        0xc E:/VisualStudioCode/STM32F1_HAL/build/stm32f1xx_hal.o
 .ARM.extab.text.HAL_SYSTICK_IRQHandler
                0x080060c0        0xc E:/VisualStudioCode/STM32F1_HAL/build/stm32f1xx_hal_cortex.o
 .ARM.extab.text._ZL19UART_DMAReceiveCpltP19__DMA_HandleTypeDef
                0x080060cc        0xc E:/VisualStudioCode/STM32F1_HAL/build/stm32f1xx_hal_uart.o
 .ARM.extab.text._ZL18UART_DMARxHalfCpltP19__DMA_HandleTypeDef
                0x080060d8        0xc E:/VisualStudioCode/STM32F1_HAL/build/stm32f1xx_hal_uart.o
 .ARM.extab.text.SysTick_Handler
                0x080060e4        0xc E:/VisualStudioCode/STM32F1_HAL/build/stm32f1xx_it.o
 .ARM.extab.text.DMA1_Channel5_IRQHandler
                0x080060f0        0xc E:/VisualStudioCode/STM32F1_HAL/build/stm32f1xx_it.o
 .ARM.extab.text._write
                0x080060fc        0xc E:/VisualStudioCode/STM32F1_HAL/build/usart.o
 .ARM.extab     0x08006108       0x18 e:/visualstudiocode/gcc-arm-none-eabi/bin/../lib/gcc/arm-none-eabi/7.2.1/thumb/v7-m\libgcc.a(pr-support.o)

.ARM            0x08006120      0x218
                0x08006120                __exidx_start = .
 *(.ARM.exidx*)
 .ARM.exidx.text.MX_I2C2_Init
                0x080061d8        0x8 E:/VisualStudioCode/STM32F1_HAL/build/i2c.o
 .ARM.exidx.text.HAL_I2C_MspInit
                0x080061e0        0x8 E:/VisualStudioCode/STM32F1_HAL/build/i2c.o
 .ARM.exidx.text._Z41__static_initialization_and_destruction_0ii
                0x080061e8        0x8 E:/VisualStudioCode/STM32F1_HAL/build/main.o
 .ARM.exidx.text._ZN12Serial_Class6PrintfEPKcz
                0x080061f0        0x8 E:/VisualStudioCode/STM32F1_HAL/build/main.o
 .ARM.exidx.text.test0
                0x080061f8        0x8 E:/VisualStudioCode/STM32F1_HAL/build/main.o
 .ARM.exidx.text.main
                0x08006200        0x8 E:/VisualStudioCode/STM32F1_HAL/build/main.o
 .ARM.exidx.text._GLOBAL__sub_I_led_class
                0x08006208        0x8 E:/VisualStudioCode/STM32F1_HAL/build/main.o
 .ARM.exidx.text.HAL_InitTick
                0x08006210        0x8 E:/VisualStudioCode/STM32F1_HAL/build/stm32f1xx_hal.o
 .ARM.exidx.text.HAL_Init
                0x08006218        0x8 E:/VisualStudioCode/STM32F1_HAL/build/stm32f1xx_hal.o
 .ARM.exidx.text.HAL_IncTick
                0x08006220        0x8 E:/VisualStudioCode/STM32F1_HAL/build/stm32f1xx_hal.o
 .ARM.exidx.text.HAL_GetTick
                0x08006228        0x0 E:/VisualStudioCode/STM32F1_HAL/build/stm32f1xx_hal.o
                                  0x8 (size before relaxing)
 .ARM.exidx.text.HAL_Delay
                0x08006228        0x8 E:/VisualStudioCode/STM32F1_HAL/build/stm32f1xx_hal.o
 .ARM.exidx.text.HAL_NVIC_SetPriorityGrouping
                0x08006230        0x8 E:/VisualStudioCode/STM32F1_HAL/build/stm32f1xx_hal_cortex.o
 .ARM.exidx.text.HAL_NVIC_SetPriority
                0x08006238        0x0 E:/VisualStudioCode/STM32F1_HAL/build/stm32f1xx_hal_cortex.o
                                  0x8 (size before relaxing)
 .ARM.exidx.text.HAL_NVIC_EnableIRQ
                0x08006238        0x0 E:/VisualStudioCode/STM32F1_HAL/build/stm32f1xx_hal_cortex.o
                                  0x8 (size before relaxing)
 .ARM.exidx.text.HAL_SYSTICK_Config
                0x08006238        0x0 E:/VisualStudioCode/STM32F1_HAL/build/stm32f1xx_hal_cortex.o
                                  0x8 (size before relaxing)
 .ARM.exidx.text.HAL_SYSTICK_CLKSourceConfig
                0x08006238        0x0 E:/VisualStudioCode/STM32F1_HAL/build/stm32f1xx_hal_cortex.o
                                  0x8 (size before relaxing)
 .ARM.exidx.text.HAL_SYSTICK_Callback
                0x08006238        0x0 E:/VisualStudioCode/STM32F1_HAL/build/stm32f1xx_hal_cortex.o
                                  0x8 (size before relaxing)
 .ARM.exidx.text.HAL_SYSTICK_IRQHandler
                0x08006238        0x8 E:/VisualStudioCode/STM32F1_HAL/build/stm32f1xx_hal_cortex.o
 .ARM.exidx.text._ZL13DMA_SetConfigP19__DMA_HandleTypeDefmmm
                0x08006240        0x8 E:/VisualStudioCode/STM32F1_HAL/build/stm32f1xx_hal_dma.o
 .ARM.exidx.text.HAL_DMA_Init
                0x08006248        0x0 E:/VisualStudioCode/STM32F1_HAL/build/stm32f1xx_hal_dma.o
                                  0x8 (size before relaxing)
 .ARM.exidx.text.HAL_DMA_Start_IT
                0x08006248        0x0 E:/VisualStudioCode/STM32F1_HAL/build/stm32f1xx_hal_dma.o
                                  0x8 (size before relaxing)
 .ARM.exidx.text.HAL_DMA_IRQHandler
                0x08006248        0x8 E:/VisualStudioCode/STM32F1_HAL/build/stm32f1xx_hal_dma.o
 .ARM.exidx.text.HAL_GPIO_Init
                0x08006250        0x8 E:/VisualStudioCode/STM32F1_HAL/build/stm32f1xx_hal_gpio.o
 .ARM.exidx.text.HAL_GPIO_WritePin
                0x08006258        0x0 E:/VisualStudioCode/STM32F1_HAL/build/stm32f1xx_hal_gpio.o
                                  0x8 (size before relaxing)
 .ARM.exidx.text.HAL_I2C_Init
                0x08006258        0x8 E:/VisualStudioCode/STM32F1_HAL/build/stm32f1xx_hal_i2c.o
 .ARM.exidx.text.HAL_MspInit
                0x08006260        0x8 E:/VisualStudioCode/STM32F1_HAL/build/stm32f1xx_hal_msp.o
 .ARM.exidx.text.SystemClock_Config
                0x08006268        0x8 E:/VisualStudioCode/STM32F1_HAL/build/stm32f1xx_hal_msp.o
 .ARM.exidx.text._ZL9RCC_Delaym
                0x08006270        0x8 E:/VisualStudioCode/STM32F1_HAL/build/stm32f1xx_hal_rcc.o
 .ARM.exidx.text.HAL_RCC_OscConfig
                0x08006278        0x8 E:/VisualStudioCode/STM32F1_HAL/build/stm32f1xx_hal_rcc.o
 .ARM.exidx.text.HAL_RCC_GetSysClockFreq
                0x08006280        0x8 E:/VisualStudioCode/STM32F1_HAL/build/stm32f1xx_hal_rcc.o
 .ARM.exidx.text.HAL_RCC_ClockConfig
                0x08006288        0x8 E:/VisualStudioCode/STM32F1_HAL/build/stm32f1xx_hal_rcc.o
 .ARM.exidx.text.HAL_RCC_GetHCLKFreq
                0x08006290        0x8 E:/VisualStudioCode/STM32F1_HAL/build/stm32f1xx_hal_rcc.o
 .ARM.exidx.text.HAL_RCC_GetPCLK1Freq
                0x08006298        0x0 E:/VisualStudioCode/STM32F1_HAL/build/stm32f1xx_hal_rcc.o
                                  0x8 (size before relaxing)
 .ARM.exidx.text.HAL_RCC_GetPCLK2Freq
                0x08006298        0x0 E:/VisualStudioCode/STM32F1_HAL/build/stm32f1xx_hal_rcc.o
                                  0x8 (size before relaxing)
 .ARM.exidx.text._ZL18UART_EndTxTransferP18UART_HandleTypeDef
                0x08006298        0x0 E:/VisualStudioCode/STM32F1_HAL/build/stm32f1xx_hal_uart.o
                                  0x8 (size before relaxing)
 .ARM.exidx.text._ZL18UART_EndRxTransferP18UART_HandleTypeDef
                0x08006298        0x0 E:/VisualStudioCode/STM32F1_HAL/build/stm32f1xx_hal_uart.o
                                  0x8 (size before relaxing)
 .ARM.exidx.text._ZL14UART_SetConfigP18UART_HandleTypeDef
                0x08006298        0x8 E:/VisualStudioCode/STM32F1_HAL/build/stm32f1xx_hal_uart.o
 .ARM.exidx.text._ZL27UART_WaitOnFlagUntilTimeoutP18UART_HandleTypeDefm10FlagStatusmm
                0x080062a0        0x8 E:/VisualStudioCode/STM32F1_HAL/build/stm32f1xx_hal_uart.o
 .ARM.exidx.text.HAL_UART_Init
                0x080062a8        0x8 E:/VisualStudioCode/STM32F1_HAL/build/stm32f1xx_hal_uart.o
 .ARM.exidx.text.HAL_UART_Transmit
                0x080062b0        0x8 E:/VisualStudioCode/STM32F1_HAL/build/stm32f1xx_hal_uart.o
 .ARM.exidx.text.HAL_UART_Receive_DMA
                0x080062b8        0x8 E:/VisualStudioCode/STM32F1_HAL/build/stm32f1xx_hal_uart.o
 .ARM.exidx.text.HAL_UART_RxCpltCallback
                0x080062c0        0x8 E:/VisualStudioCode/STM32F1_HAL/build/stm32f1xx_hal_uart.o
 .ARM.exidx.text._ZL19UART_DMAReceiveCpltP19__DMA_HandleTypeDef
                0x080062c8        0x8 E:/VisualStudioCode/STM32F1_HAL/build/stm32f1xx_hal_uart.o
 .ARM.exidx.text.HAL_UART_RxHalfCpltCallback
                0x080062d0        0x8 E:/VisualStudioCode/STM32F1_HAL/build/stm32f1xx_hal_uart.o
 .ARM.exidx.text._ZL18UART_DMARxHalfCpltP19__DMA_HandleTypeDef
                0x080062d8        0x8 E:/VisualStudioCode/STM32F1_HAL/build/stm32f1xx_hal_uart.o
 .ARM.exidx.text.HAL_UART_ErrorCallback
                0x080062e0        0x8 E:/VisualStudioCode/STM32F1_HAL/build/stm32f1xx_hal_uart.o
 .ARM.exidx.text._ZL13UART_DMAErrorP19__DMA_HandleTypeDef
                0x080062e8        0x8 E:/VisualStudioCode/STM32F1_HAL/build/stm32f1xx_hal_uart.o
 .ARM.exidx.text.NMI_Handler
                0x080062f0        0x8 E:/VisualStudioCode/STM32F1_HAL/build/stm32f1xx_it.o
 .ARM.exidx.text.HardFault_Handler
                0x080062f8        0x0 E:/VisualStudioCode/STM32F1_HAL/build/stm32f1xx_it.o
                                  0x8 (size before relaxing)
 .ARM.exidx.text.MemManage_Handler
                0x080062f8        0x0 E:/VisualStudioCode/STM32F1_HAL/build/stm32f1xx_it.o
                                  0x8 (size before relaxing)
 .ARM.exidx.text.BusFault_Handler
                0x080062f8        0x0 E:/VisualStudioCode/STM32F1_HAL/build/stm32f1xx_it.o
                                  0x8 (size before relaxing)
 .ARM.exidx.text.UsageFault_Handler
                0x080062f8        0x0 E:/VisualStudioCode/STM32F1_HAL/build/stm32f1xx_it.o
                                  0x8 (size before relaxing)
 .ARM.exidx.text.SVC_Handler
                0x080062f8        0x0 E:/VisualStudioCode/STM32F1_HAL/build/stm32f1xx_it.o
                                  0x8 (size before relaxing)
 .ARM.exidx.text.DebugMon_Handler
                0x080062f8        0x0 E:/VisualStudioCode/STM32F1_HAL/build/stm32f1xx_it.o
                                  0x8 (size before relaxing)
 .ARM.exidx.text.PendSV_Handler
                0x080062f8        0x0 E:/VisualStudioCode/STM32F1_HAL/build/stm32f1xx_it.o
                                  0x8 (size before relaxing)
 .ARM.exidx.text.SysTick_Handler
                0x080062f8        0x8 E:/VisualStudioCode/STM32F1_HAL/build/stm32f1xx_it.o
 .ARM.exidx.text.DMA1_Channel5_IRQHandler
                0x08006300        0x8 E:/VisualStudioCode/STM32F1_HAL/build/stm32f1xx_it.o
 .ARM.exidx.text.SystemInit
                0x08006308        0x8 E:/VisualStudioCode/STM32F1_HAL/build/system_stm32f1xx.o
 .ARM.exidx.text._write
                0x08006310        0x8 E:/VisualStudioCode/STM32F1_HAL/build/usart.o
 .ARM.exidx.text.HAL_UART_MspInit
                0x08006318        0x8 E:/VisualStudioCode/STM32F1_HAL/build/usart.o
 .ARM.exidx.text.MX_UART_DMA_Init
                0x08006320        0x8 E:/VisualStudioCode/STM32F1_HAL/build/usart.o
 .ARM.exidx.text.MX_USART1_UART_Init
                0x08006328       0x10 E:/VisualStudioCode/STM32F1_HAL/build/usart.o
                                  0x8 (size before relaxing)
 .ARM.exidx     0x08006120       0x80 e:/visualstudiocode/gcc-arm-none-eabi/bin/../lib/gcc/arm-none-eabi/7.2.1/thumb/v7-m\libgcc.a(unwind-arm.o)
                                 0xd8 (size before relaxing)
 .ARM.exidx     0x080061a0       0x38 e:/visualstudiocode/gcc-arm-none-eabi/bin/../lib/gcc/arm-none-eabi/7.2.1/thumb/v7-m\libgcc.a(pr-support.o)
                                 0x48 (size before relaxing)
                0x08006338                __exidx_end = .

.rel.dyn        0x08006338        0x0
 .rel.iplt      0x08006338        0x0 e:/visualstudiocode/gcc-arm-none-eabi/bin/../lib/gcc/arm-none-eabi/7.2.1/thumb/v7-m/crtbegin.o

.preinit_array  0x08006338        0x0
                0x08006338                PROVIDE (__preinit_array_start, .)
 *(.preinit_array*)
                0x08006338                PROVIDE (__preinit_array_end, .)

.init_array     0x08006338        0x8
                0x08006338                PROVIDE (__init_array_start, .)
 *(SORT_BY_NAME(.init_array.*))
 *(.init_array*)
 .init_array    0x08006338        0x4 e:/visualstudiocode/gcc-arm-none-eabi/bin/../lib/gcc/arm-none-eabi/7.2.1/thumb/v7-m/crtbegin.o
 .init_array    0x0800633c        0x4 E:/VisualStudioCode/STM32F1_HAL/build/main.o
                0x08006340                PROVIDE (__init_array_end, .)

.fini_array     0x08006340        0x4
                [!provide]                PROVIDE (__fini_array_start, .)
 *(SORT_BY_NAME(.fini_array.*))
 *(.fini_array*)
 .fini_array    0x08006340        0x4 e:/visualstudiocode/gcc-arm-none-eabi/bin/../lib/gcc/arm-none-eabi/7.2.1/thumb/v7-m/crtbegin.o
                [!provide]                PROVIDE (__fini_array_end, .)
                0x08006344                _sidata = LOADADDR (.data)

.data           0x20000000      0x1dc load address 0x08006344
                0x20000000                . = ALIGN (0x4)
                0x20000000                _sdata = .
 *(.data)
 *(.data*)
 .data.uwTickFreq
                0x20000000        0x1 E:/VisualStudioCode/STM32F1_HAL/build/stm32f1xx_hal.o
                0x20000000                uwTickFreq
 *fill*         0x20000001        0x3 
 .data.uwTickPrio
                0x20000004        0x4 E:/VisualStudioCode/STM32F1_HAL/build/stm32f1xx_hal.o
                0x20000004                uwTickPrio
 .data.SystemCoreClock
                0x20000008        0x4 E:/VisualStudioCode/STM32F1_HAL/build/system_stm32f1xx.o
                0x20000008                SystemCoreClock
 .data._impure_ptr
                0x2000000c        0x4 e:/visualstudiocode/gcc-arm-none-eabi/bin/../lib/gcc/arm-none-eabi/7.2.1/../../../../arm-none-eabi/lib/thumb/v7-m\libc_nano.a(lib_a-impure.o)
                0x2000000c                _impure_ptr
 .data.impure_data
                0x20000010       0x60 e:/visualstudiocode/gcc-arm-none-eabi/bin/../lib/gcc/arm-none-eabi/7.2.1/../../../../arm-none-eabi/lib/thumb/v7-m\libc_nano.a(lib_a-impure.o)
 .data.__global_locale
                0x20000070      0x16c e:/visualstudiocode/gcc-arm-none-eabi/bin/../lib/gcc/arm-none-eabi/7.2.1/../../../../arm-none-eabi/lib/thumb/v7-m\libc_nano.a(lib_a-locale.o)
                0x20000070                __global_locale
                0x200001dc                . = ALIGN (0x4)
                0x200001dc                _edata = .

.igot.plt       0x200001dc        0x0 load address 0x08006520
 .igot.plt      0x200001dc        0x0 e:/visualstudiocode/gcc-arm-none-eabi/bin/../lib/gcc/arm-none-eabi/7.2.1/thumb/v7-m/crtbegin.o
                0x200001dc                . = ALIGN (0x4)

.bss            0x200001dc      0x21c load address 0x08006520
                0x200001dc                _sbss = .
                0x200001dc                __bss_start__ = _sbss
 *(.bss)
 .bss           0x200001dc       0x1c e:/visualstudiocode/gcc-arm-none-eabi/bin/../lib/gcc/arm-none-eabi/7.2.1/thumb/v7-m/crtbegin.o
 *(.bss*)
 .bss.hi2c2     0x200001f8       0x54 E:/VisualStudioCode/STM32F1_HAL/build/i2c.o
                0x200001f8                hi2c2
 .bss.led_class
                0x2000024c        0x8 E:/VisualStudioCode/STM32F1_HAL/build/main.o
                0x2000024c                led_class
 .bss.serial_class
                0x20000254      0x10c E:/VisualStudioCode/STM32F1_HAL/build/main.o
                0x20000254                serial_class
 .bss.uwTick    0x20000360        0x4 E:/VisualStudioCode/STM32F1_HAL/build/stm32f1xx_hal.o
                0x20000360                uwTick
 .bss.hdma_usart1_rx
                0x20000364       0x44 E:/VisualStudioCode/STM32F1_HAL/build/usart.o
                0x20000364                hdma_usart1_rx
 .bss.huart1    0x200003a8       0x40 E:/VisualStudioCode/STM32F1_HAL/build/usart.o
                0x200003a8                huart1
 .bss.__malloc_free_list
                0x200003e8        0x4 e:/visualstudiocode/gcc-arm-none-eabi/bin/../lib/gcc/arm-none-eabi/7.2.1/../../../../arm-none-eabi/lib/thumb/v7-m\libc_nano.a(lib_a-nano-mallocr.o)
                0x200003e8                __malloc_free_list
 .bss.__malloc_sbrk_start
                0x200003ec        0x4 e:/visualstudiocode/gcc-arm-none-eabi/bin/../lib/gcc/arm-none-eabi/7.2.1/../../../../arm-none-eabi/lib/thumb/v7-m\libc_nano.a(lib_a-nano-mallocr.o)
                0x200003ec                __malloc_sbrk_start
 .bss.heap_end.4102
                0x200003f0        0x4 e:/visualstudiocode/gcc-arm-none-eabi/bin/../lib/gcc/arm-none-eabi/7.2.1/../../../../arm-none-eabi/lib/thumb/v7-m\libnosys.a(sbrk.o)
 *(COMMON)
 COMMON         0x200003f4        0x4 e:/visualstudiocode/gcc-arm-none-eabi/bin/../lib/gcc/arm-none-eabi/7.2.1/../../../../arm-none-eabi/lib/thumb/v7-m\libc_nano.a(lib_a-reent.o)
                0x200003f4                errno
                0x200003f8                . = ALIGN (0x4)
                0x200003f8                _ebss = .
                0x200003f8                __bss_end__ = _ebss

._user_heap_stack
                0x200003f8      0x600 load address 0x08006520
                0x200003f8                . = ALIGN (0x8)
                0x200003f8                PROVIDE (end, .)
                [!provide]                PROVIDE (_end, .)
                0x200005f8                . = (. + _Min_Heap_Size)
 *fill*         0x200003f8      0x200 
                0x200009f8                . = (. + _Min_Stack_Size)
 *fill*         0x200005f8      0x400 
                0x200009f8                . = ALIGN (0x8)

/DISCARD/
 libc.a(*)
 libm.a(*)
 libgcc.a(*)

.ARM.attributes
                0x00000000       0x29
 *(.ARM.attributes)
 .ARM.attributes
                0x00000000       0x1d e:/visualstudiocode/gcc-arm-none-eabi/bin/../lib/gcc/arm-none-eabi/7.2.1/thumb/v7-m/crti.o
 .ARM.attributes
                0x0000001d       0x2d e:/visualstudiocode/gcc-arm-none-eabi/bin/../lib/gcc/arm-none-eabi/7.2.1/thumb/v7-m/crtbegin.o
 .ARM.attributes
                0x0000004a       0x33 E:/VisualStudioCode/STM32F1_HAL/build/i2c.o
 .ARM.attributes
                0x0000007d       0x33 E:/VisualStudioCode/STM32F1_HAL/build/main.o
 .ARM.attributes
                0x000000b0       0x21 E:/VisualStudioCode/STM32F1_HAL/build/startup_stm32f103xb.o
 .ARM.attributes
                0x000000d1       0x33 E:/VisualStudioCode/STM32F1_HAL/build/stm32f1xx_hal.o
 .ARM.attributes
                0x00000104       0x33 E:/VisualStudioCode/STM32F1_HAL/build/stm32f1xx_hal_cortex.o
 .ARM.attributes
                0x00000137       0x33 E:/VisualStudioCode/STM32F1_HAL/build/stm32f1xx_hal_dma.o
 .ARM.attributes
                0x0000016a       0x33 E:/VisualStudioCode/STM32F1_HAL/build/stm32f1xx_hal_gpio.o
 .ARM.attributes
                0x0000019d       0x33 E:/VisualStudioCode/STM32F1_HAL/build/stm32f1xx_hal_i2c.o
 .ARM.attributes
                0x000001d0       0x33 E:/VisualStudioCode/STM32F1_HAL/build/stm32f1xx_hal_msp.o
 .ARM.attributes
                0x00000203       0x33 E:/VisualStudioCode/STM32F1_HAL/build/stm32f1xx_hal_rcc.o
 .ARM.attributes
                0x00000236       0x33 E:/VisualStudioCode/STM32F1_HAL/build/stm32f1xx_hal_uart.o
 .ARM.attributes
                0x00000269       0x33 E:/VisualStudioCode/STM32F1_HAL/build/stm32f1xx_it.o
 .ARM.attributes
                0x0000029c       0x33 E:/VisualStudioCode/STM32F1_HAL/build/system_stm32f1xx.o
 .ARM.attributes
                0x000002cf       0x33 E:/VisualStudioCode/STM32F1_HAL/build/usart.o
 .ARM.attributes
                0x00000302       0x2d e:/visualstudiocode/gcc-arm-none-eabi/bin/../lib/gcc/arm-none-eabi/7.2.1/../../../../arm-none-eabi/lib/thumb/v7-m\libc_nano.a(lib_a-impure.o)
 .ARM.attributes
                0x0000032f       0x2d e:/visualstudiocode/gcc-arm-none-eabi/bin/../lib/gcc/arm-none-eabi/7.2.1/../../../../arm-none-eabi/lib/thumb/v7-m\libc_nano.a(lib_a-init.o)
 .ARM.attributes
                0x0000035c       0x2d e:/visualstudiocode/gcc-arm-none-eabi/bin/../lib/gcc/arm-none-eabi/7.2.1/../../../../arm-none-eabi/lib/thumb/v7-m\libc_nano.a(lib_a-memset.o)
 .ARM.attributes
                0x00000389       0x2d e:/visualstudiocode/gcc-arm-none-eabi/bin/../lib/gcc/arm-none-eabi/7.2.1/../../../../arm-none-eabi/lib/thumb/v7-m\libc_nano.a(lib_a-nano-vfprintf_float.o)
 .ARM.attributes
                0x000003b6       0x2d e:/visualstudiocode/gcc-arm-none-eabi/bin/../lib/gcc/arm-none-eabi/7.2.1/../../../../arm-none-eabi/lib/thumb/v7-m\libc_nano.a(lib_a-nano-vfprintf_i.o)
 .ARM.attributes
                0x000003e3       0x2d e:/visualstudiocode/gcc-arm-none-eabi/bin/../lib/gcc/arm-none-eabi/7.2.1/../../../../arm-none-eabi/lib/thumb/v7-m\libc_nano.a(lib_a-printf.o)
 .ARM.attributes
                0x00000410       0x17 e:/visualstudiocode/gcc-arm-none-eabi/bin/../lib/gcc/arm-none-eabi/7.2.1/../../../../arm-none-eabi/lib/thumb/v7-m\libc_nano.a(lib_a-strlen.o)
 .ARM.attributes
                0x00000427       0x2d e:/visualstudiocode/gcc-arm-none-eabi/bin/../lib/gcc/arm-none-eabi/7.2.1/../../../../arm-none-eabi/lib/thumb/v7-m\libc_nano.a(lib_a-vsnprintf.o)
 .ARM.attributes
                0x00000454       0x2d e:/visualstudiocode/gcc-arm-none-eabi/bin/../lib/gcc/arm-none-eabi/7.2.1/../../../../arm-none-eabi/lib/thumb/v7-m\libc_nano.a(lib_a-dtoa.o)
 .ARM.attributes
                0x00000481       0x2d e:/visualstudiocode/gcc-arm-none-eabi/bin/../lib/gcc/arm-none-eabi/7.2.1/../../../../arm-none-eabi/lib/thumb/v7-m\libc_nano.a(lib_a-findfp.o)
 .ARM.attributes
                0x000004ae       0x2d e:/visualstudiocode/gcc-arm-none-eabi/bin/../lib/gcc/arm-none-eabi/7.2.1/../../../../arm-none-eabi/lib/thumb/v7-m\libc_nano.a(lib_a-fwalk.o)
 .ARM.attributes
                0x000004db       0x2d e:/visualstudiocode/gcc-arm-none-eabi/bin/../lib/gcc/arm-none-eabi/7.2.1/../../../../arm-none-eabi/lib/thumb/v7-m\libc_nano.a(lib_a-localeconv.o)
 .ARM.attributes
                0x00000508       0x2d e:/visualstudiocode/gcc-arm-none-eabi/bin/../lib/gcc/arm-none-eabi/7.2.1/../../../../arm-none-eabi/lib/thumb/v7-m\libc_nano.a(lib_a-malloc.o)
 .ARM.attributes
                0x00000535       0x2d e:/visualstudiocode/gcc-arm-none-eabi/bin/../lib/gcc/arm-none-eabi/7.2.1/../../../../arm-none-eabi/lib/thumb/v7-m\libc_nano.a(lib_a-memchr-stub.o)
 .ARM.attributes
                0x00000562       0x2d e:/visualstudiocode/gcc-arm-none-eabi/bin/../lib/gcc/arm-none-eabi/7.2.1/../../../../arm-none-eabi/lib/thumb/v7-m\libc_nano.a(lib_a-memcpy-stub.o)
 .ARM.attributes
                0x0000058f       0x2d e:/visualstudiocode/gcc-arm-none-eabi/bin/../lib/gcc/arm-none-eabi/7.2.1/../../../../arm-none-eabi/lib/thumb/v7-m\libc_nano.a(lib_a-mprec.o)
 .ARM.attributes
                0x000005bc       0x2d e:/visualstudiocode/gcc-arm-none-eabi/bin/../lib/gcc/arm-none-eabi/7.2.1/../../../../arm-none-eabi/lib/thumb/v7-m\libc_nano.a(lib_a-nano-callocr.o)
 .ARM.attributes
                0x000005e9       0x2d e:/visualstudiocode/gcc-arm-none-eabi/bin/../lib/gcc/arm-none-eabi/7.2.1/../../../../arm-none-eabi/lib/thumb/v7-m\libc_nano.a(lib_a-nano-freer.o)
 .ARM.attributes
                0x00000616       0x2d e:/visualstudiocode/gcc-arm-none-eabi/bin/../lib/gcc/arm-none-eabi/7.2.1/../../../../arm-none-eabi/lib/thumb/v7-m\libc_nano.a(lib_a-nano-mallocr.o)
 .ARM.attributes
                0x00000643       0x2d e:/visualstudiocode/gcc-arm-none-eabi/bin/../lib/gcc/arm-none-eabi/7.2.1/../../../../arm-none-eabi/lib/thumb/v7-m\libc_nano.a(lib_a-nano-svfprintf.o)
 .ARM.attributes
                0x00000670       0x2d e:/visualstudiocode/gcc-arm-none-eabi/bin/../lib/gcc/arm-none-eabi/7.2.1/../../../../arm-none-eabi/lib/thumb/v7-m\libc_nano.a(lib_a-nano-vfprintf.o)
 .ARM.attributes
                0x0000069d       0x2d e:/visualstudiocode/gcc-arm-none-eabi/bin/../lib/gcc/arm-none-eabi/7.2.1/../../../../arm-none-eabi/lib/thumb/v7-m\libc_nano.a(lib_a-sbrkr.o)
 .ARM.attributes
                0x000006ca       0x2d e:/visualstudiocode/gcc-arm-none-eabi/bin/../lib/gcc/arm-none-eabi/7.2.1/../../../../arm-none-eabi/lib/thumb/v7-m\libc_nano.a(lib_a-stdio.o)
 .ARM.attributes
                0x000006f7       0x2d e:/visualstudiocode/gcc-arm-none-eabi/bin/../lib/gcc/arm-none-eabi/7.2.1/../../../../arm-none-eabi/lib/thumb/v7-m\libc_nano.a(lib_a-wbuf.o)
 .ARM.attributes
                0x00000724       0x2d e:/visualstudiocode/gcc-arm-none-eabi/bin/../lib/gcc/arm-none-eabi/7.2.1/../../../../arm-none-eabi/lib/thumb/v7-m\libc_nano.a(lib_a-writer.o)
 .ARM.attributes
                0x00000751       0x2d e:/visualstudiocode/gcc-arm-none-eabi/bin/../lib/gcc/arm-none-eabi/7.2.1/../../../../arm-none-eabi/lib/thumb/v7-m\libc_nano.a(lib_a-wsetup.o)
 .ARM.attributes
                0x0000077e       0x2d e:/visualstudiocode/gcc-arm-none-eabi/bin/../lib/gcc/arm-none-eabi/7.2.1/../../../../arm-none-eabi/lib/thumb/v7-m\libc_nano.a(lib_a-closer.o)
 .ARM.attributes
                0x000007ab       0x2d e:/visualstudiocode/gcc-arm-none-eabi/bin/../lib/gcc/arm-none-eabi/7.2.1/../../../../arm-none-eabi/lib/thumb/v7-m\libc_nano.a(lib_a-fflush.o)
 .ARM.attributes
                0x000007d8       0x2d e:/visualstudiocode/gcc-arm-none-eabi/bin/../lib/gcc/arm-none-eabi/7.2.1/../../../../arm-none-eabi/lib/thumb/v7-m\libc_nano.a(lib_a-locale.o)
 .ARM.attributes
                0x00000805       0x2d e:/visualstudiocode/gcc-arm-none-eabi/bin/../lib/gcc/arm-none-eabi/7.2.1/../../../../arm-none-eabi/lib/thumb/v7-m\libc_nano.a(lib_a-lseekr.o)
 .ARM.attributes
                0x00000832       0x2d e:/visualstudiocode/gcc-arm-none-eabi/bin/../lib/gcc/arm-none-eabi/7.2.1/../../../../arm-none-eabi/lib/thumb/v7-m\libc_nano.a(lib_a-makebuf.o)
 .ARM.attributes
                0x0000085f       0x2d e:/visualstudiocode/gcc-arm-none-eabi/bin/../lib/gcc/arm-none-eabi/7.2.1/../../../../arm-none-eabi/lib/thumb/v7-m\libc_nano.a(lib_a-mbtowc_r.o)
 .ARM.attributes
                0x0000088c       0x2d e:/visualstudiocode/gcc-arm-none-eabi/bin/../lib/gcc/arm-none-eabi/7.2.1/../../../../arm-none-eabi/lib/thumb/v7-m\libc_nano.a(lib_a-memmove.o)
 .ARM.attributes
                0x000008b9       0x2d e:/visualstudiocode/gcc-arm-none-eabi/bin/../lib/gcc/arm-none-eabi/7.2.1/../../../../arm-none-eabi/lib/thumb/v7-m\libc_nano.a(lib_a-mlock.o)
 .ARM.attributes
                0x000008e6       0x2d e:/visualstudiocode/gcc-arm-none-eabi/bin/../lib/gcc/arm-none-eabi/7.2.1/../../../../arm-none-eabi/lib/thumb/v7-m\libc_nano.a(lib_a-nano-reallocr.o)
 .ARM.attributes
                0x00000913       0x2d e:/visualstudiocode/gcc-arm-none-eabi/bin/../lib/gcc/arm-none-eabi/7.2.1/../../../../arm-none-eabi/lib/thumb/v7-m\libc_nano.a(lib_a-readr.o)
 .ARM.attributes
                0x00000940       0x2d e:/visualstudiocode/gcc-arm-none-eabi/bin/../lib/gcc/arm-none-eabi/7.2.1/../../../../arm-none-eabi/lib/thumb/v7-m\libc_nano.a(lib_a-reent.o)
 .ARM.attributes
                0x0000096d       0x2d e:/visualstudiocode/gcc-arm-none-eabi/bin/../lib/gcc/arm-none-eabi/7.2.1/../../../../arm-none-eabi/lib/thumb/v7-m\libc_nano.a(lib_a-wctomb_r.o)
 .ARM.attributes
                0x0000099a       0x2d e:/visualstudiocode/gcc-arm-none-eabi/bin/../lib/gcc/arm-none-eabi/7.2.1/../../../../arm-none-eabi/lib/thumb/v7-m\libc_nano.a(lib_a-ctype_.o)
 .ARM.attributes
                0x000009c7       0x2d e:/visualstudiocode/gcc-arm-none-eabi/bin/../lib/gcc/arm-none-eabi/7.2.1/../../../../arm-none-eabi/lib/thumb/v7-m\libc_nano.a(lib_a-fstatr.o)
 .ARM.attributes
                0x000009f4       0x2d e:/visualstudiocode/gcc-arm-none-eabi/bin/../lib/gcc/arm-none-eabi/7.2.1/../../../../arm-none-eabi/lib/thumb/v7-m\libc_nano.a(lib_a-isattyr.o)
 .ARM.attributes
                0x00000a21       0x2d e:/visualstudiocode/gcc-arm-none-eabi/bin/../lib/gcc/arm-none-eabi/7.2.1/../../../../arm-none-eabi/lib/thumb/v7-m\libc_nano.a(lib_a-nano-msizer.o)
 .ARM.attributes
                0x00000a4e       0x1d e:/visualstudiocode/gcc-arm-none-eabi/bin/../lib/gcc/arm-none-eabi/7.2.1/thumb/v7-m\libgcc.a(_arm_addsubdf3.o)
 .ARM.attributes
                0x00000a6b       0x1d e:/visualstudiocode/gcc-arm-none-eabi/bin/../lib/gcc/arm-none-eabi/7.2.1/thumb/v7-m\libgcc.a(_arm_muldivdf3.o)
 .ARM.attributes
                0x00000a88       0x1d e:/visualstudiocode/gcc-arm-none-eabi/bin/../lib/gcc/arm-none-eabi/7.2.1/thumb/v7-m\libgcc.a(_arm_cmpdf2.o)
 .ARM.attributes
                0x00000aa5       0x1d e:/visualstudiocode/gcc-arm-none-eabi/bin/../lib/gcc/arm-none-eabi/7.2.1/thumb/v7-m\libgcc.a(_arm_unorddf2.o)
 .ARM.attributes
                0x00000ac2       0x1d e:/visualstudiocode/gcc-arm-none-eabi/bin/../lib/gcc/arm-none-eabi/7.2.1/thumb/v7-m\libgcc.a(_arm_fixdfsi.o)
 .ARM.attributes
                0x00000adf       0x1d e:/visualstudiocode/gcc-arm-none-eabi/bin/../lib/gcc/arm-none-eabi/7.2.1/thumb/v7-m\libgcc.a(_arm_truncdfsf2.o)
 .ARM.attributes
                0x00000afc       0x1d e:/visualstudiocode/gcc-arm-none-eabi/bin/../lib/gcc/arm-none-eabi/7.2.1/thumb/v7-m\libgcc.a(_arm_fixsfsi.o)
 .ARM.attributes
                0x00000b19       0x2d e:/visualstudiocode/gcc-arm-none-eabi/bin/../lib/gcc/arm-none-eabi/7.2.1/thumb/v7-m\libgcc.a(unwind-arm.o)
 .ARM.attributes
                0x00000b46       0x1d e:/visualstudiocode/gcc-arm-none-eabi/bin/../lib/gcc/arm-none-eabi/7.2.1/thumb/v7-m\libgcc.a(libunwind.o)
 .ARM.attributes
                0x00000b63       0x2d e:/visualstudiocode/gcc-arm-none-eabi/bin/../lib/gcc/arm-none-eabi/7.2.1/thumb/v7-m\libgcc.a(pr-support.o)
 .ARM.attributes
                0x00000b90       0x2d e:/visualstudiocode/gcc-arm-none-eabi/bin/../lib/gcc/arm-none-eabi/7.2.1/../../../../arm-none-eabi/lib/thumb/v7-m\libc_nano.a(lib_a-abort.o)
 .ARM.attributes
                0x00000bbd       0x2d e:/visualstudiocode/gcc-arm-none-eabi/bin/../lib/gcc/arm-none-eabi/7.2.1/../../../../arm-none-eabi/lib/thumb/v7-m\libc_nano.a(lib_a-signal.o)
 .ARM.attributes
                0x00000bea       0x2d e:/visualstudiocode/gcc-arm-none-eabi/bin/../lib/gcc/arm-none-eabi/7.2.1/../../../../arm-none-eabi/lib/thumb/v7-m\libc_nano.a(lib_a-signalr.o)
 .ARM.attributes
                0x00000c17       0x2d e:/visualstudiocode/gcc-arm-none-eabi/bin/../lib/gcc/arm-none-eabi/7.2.1/../../../../arm-none-eabi/lib/thumb/v7-m\libnosys.a(close.o)
 .ARM.attributes
                0x00000c44       0x2d e:/visualstudiocode/gcc-arm-none-eabi/bin/../lib/gcc/arm-none-eabi/7.2.1/../../../../arm-none-eabi/lib/thumb/v7-m\libnosys.a(fstat.o)
 .ARM.attributes
                0x00000c71       0x2d e:/visualstudiocode/gcc-arm-none-eabi/bin/../lib/gcc/arm-none-eabi/7.2.1/../../../../arm-none-eabi/lib/thumb/v7-m\libnosys.a(getpid.o)
 .ARM.attributes
                0x00000c9e       0x2d e:/visualstudiocode/gcc-arm-none-eabi/bin/../lib/gcc/arm-none-eabi/7.2.1/../../../../arm-none-eabi/lib/thumb/v7-m\libnosys.a(isatty.o)
 .ARM.attributes
                0x00000ccb       0x2d e:/visualstudiocode/gcc-arm-none-eabi/bin/../lib/gcc/arm-none-eabi/7.2.1/../../../../arm-none-eabi/lib/thumb/v7-m\libnosys.a(kill.o)
 .ARM.attributes
                0x00000cf8       0x2d e:/visualstudiocode/gcc-arm-none-eabi/bin/../lib/gcc/arm-none-eabi/7.2.1/../../../../arm-none-eabi/lib/thumb/v7-m\libnosys.a(lseek.o)
 .ARM.attributes
                0x00000d25       0x2d e:/visualstudiocode/gcc-arm-none-eabi/bin/../lib/gcc/arm-none-eabi/7.2.1/../../../../arm-none-eabi/lib/thumb/v7-m\libnosys.a(read.o)
 .ARM.attributes
                0x00000d52       0x2d e:/visualstudiocode/gcc-arm-none-eabi/bin/../lib/gcc/arm-none-eabi/7.2.1/../../../../arm-none-eabi/lib/thumb/v7-m\libnosys.a(sbrk.o)
 .ARM.attributes
                0x00000d7f       0x2d e:/visualstudiocode/gcc-arm-none-eabi/bin/../lib/gcc/arm-none-eabi/7.2.1/../../../../arm-none-eabi/lib/thumb/v7-m\libnosys.a(_exit.o)
 .ARM.attributes
                0x00000dac       0x1d e:/visualstudiocode/gcc-arm-none-eabi/bin/../lib/gcc/arm-none-eabi/7.2.1/thumb/v7-m/crtn.o
OUTPUT(E:/VisualStudioCode/STM32F1_HAL/build/STM32F1_HAL.elf elf32-littlearm)

.debug_info     0x00000000    0x12e05
 .debug_info    0x00000000     0x1314 E:/VisualStudioCode/STM32F1_HAL/build/i2c.o
 .debug_info    0x00001314     0x212d E:/VisualStudioCode/STM32F1_HAL/build/main.o
 .debug_info    0x00003441       0x22 E:/VisualStudioCode/STM32F1_HAL/build/startup_stm32f103xb.o
 .debug_info    0x00003463     0x11b7 E:/VisualStudioCode/STM32F1_HAL/build/stm32f1xx_hal.o
 .debug_info    0x0000461a     0x15ee E:/VisualStudioCode/STM32F1_HAL/build/stm32f1xx_hal_cortex.o
 .debug_info    0x00005c08     0x119a E:/VisualStudioCode/STM32F1_HAL/build/stm32f1xx_hal_dma.o
 .debug_info    0x00006da2      0xff8 E:/VisualStudioCode/STM32F1_HAL/build/stm32f1xx_hal_gpio.o
 .debug_info    0x00007d9a     0x3a27 E:/VisualStudioCode/STM32F1_HAL/build/stm32f1xx_hal_i2c.o
 .debug_info    0x0000b7c1     0x109e E:/VisualStudioCode/STM32F1_HAL/build/stm32f1xx_hal_msp.o
 .debug_info    0x0000c85f     0x13b0 E:/VisualStudioCode/STM32F1_HAL/build/stm32f1xx_hal_rcc.o
 .debug_info    0x0000dc0f     0x20bb E:/VisualStudioCode/STM32F1_HAL/build/stm32f1xx_hal_uart.o
 .debug_info    0x0000fcca      0xd9a E:/VisualStudioCode/STM32F1_HAL/build/stm32f1xx_it.o
 .debug_info    0x00010a64      0xde2 E:/VisualStudioCode/STM32F1_HAL/build/system_stm32f1xx.o
 .debug_info    0x00011846     0x15bf E:/VisualStudioCode/STM32F1_HAL/build/usart.o

.debug_abbrev   0x00000000     0x26b3
 .debug_abbrev  0x00000000      0x24c E:/VisualStudioCode/STM32F1_HAL/build/i2c.o
 .debug_abbrev  0x0000024c      0x4ff E:/VisualStudioCode/STM32F1_HAL/build/main.o
 .debug_abbrev  0x0000074b       0x12 E:/VisualStudioCode/STM32F1_HAL/build/startup_stm32f103xb.o
 .debug_abbrev  0x0000075d      0x302 E:/VisualStudioCode/STM32F1_HAL/build/stm32f1xx_hal.o
 .debug_abbrev  0x00000a5f      0x3d7 E:/VisualStudioCode/STM32F1_HAL/build/stm32f1xx_hal_cortex.o
 .debug_abbrev  0x00000e36      0x2f0 E:/VisualStudioCode/STM32F1_HAL/build/stm32f1xx_hal_dma.o
 .debug_abbrev  0x00001126      0x2cb E:/VisualStudioCode/STM32F1_HAL/build/stm32f1xx_hal_gpio.o
 .debug_abbrev  0x000013f1      0x33f E:/VisualStudioCode/STM32F1_HAL/build/stm32f1xx_hal_i2c.o
 .debug_abbrev  0x00001730      0x245 E:/VisualStudioCode/STM32F1_HAL/build/stm32f1xx_hal_msp.o
 .debug_abbrev  0x00001975      0x339 E:/VisualStudioCode/STM32F1_HAL/build/stm32f1xx_hal_rcc.o
 .debug_abbrev  0x00001cae      0x33d E:/VisualStudioCode/STM32F1_HAL/build/stm32f1xx_hal_uart.o
 .debug_abbrev  0x00001feb      0x205 E:/VisualStudioCode/STM32F1_HAL/build/stm32f1xx_it.o
 .debug_abbrev  0x000021f0      0x21c E:/VisualStudioCode/STM32F1_HAL/build/system_stm32f1xx.o
 .debug_abbrev  0x0000240c      0x2a7 E:/VisualStudioCode/STM32F1_HAL/build/usart.o

.debug_loc      0x00000000     0x7b26
 .debug_loc     0x00000000       0xd3 E:/VisualStudioCode/STM32F1_HAL/build/i2c.o
 .debug_loc     0x000000d3      0x229 E:/VisualStudioCode/STM32F1_HAL/build/main.o
 .debug_loc     0x000002fc      0x19d E:/VisualStudioCode/STM32F1_HAL/build/stm32f1xx_hal.o
 .debug_loc     0x00000499      0x63d E:/VisualStudioCode/STM32F1_HAL/build/stm32f1xx_hal_cortex.o
 .debug_loc     0x00000ad6      0x8da E:/VisualStudioCode/STM32F1_HAL/build/stm32f1xx_hal_dma.o
 .debug_loc     0x000013b0      0x516 E:/VisualStudioCode/STM32F1_HAL/build/stm32f1xx_hal_gpio.o
 .debug_loc     0x000018c6     0x3dbd E:/VisualStudioCode/STM32F1_HAL/build/stm32f1xx_hal_i2c.o
 .debug_loc     0x00005683       0xd3 E:/VisualStudioCode/STM32F1_HAL/build/stm32f1xx_hal_msp.o
 .debug_loc     0x00005756      0x678 E:/VisualStudioCode/STM32F1_HAL/build/stm32f1xx_hal_rcc.o
 .debug_loc     0x00005dce     0x1a09 E:/VisualStudioCode/STM32F1_HAL/build/stm32f1xx_hal_uart.o
 .debug_loc     0x000077d7       0x40 E:/VisualStudioCode/STM32F1_HAL/build/stm32f1xx_it.o
 .debug_loc     0x00007817       0xdf E:/VisualStudioCode/STM32F1_HAL/build/system_stm32f1xx.o
 .debug_loc     0x000078f6      0x230 E:/VisualStudioCode/STM32F1_HAL/build/usart.o

.debug_aranges  0x00000000      0x8a0
 .debug_aranges
                0x00000000       0x30 E:/VisualStudioCode/STM32F1_HAL/build/i2c.o
 .debug_aranges
                0x00000030       0x40 E:/VisualStudioCode/STM32F1_HAL/build/main.o
 .debug_aranges
                0x00000070       0x28 E:/VisualStudioCode/STM32F1_HAL/build/startup_stm32f103xb.o
 .debug_aranges
                0x00000098       0xd0 E:/VisualStudioCode/STM32F1_HAL/build/stm32f1xx_hal.o
 .debug_aranges
                0x00000168       0x90 E:/VisualStudioCode/STM32F1_HAL/build/stm32f1xx_hal_cortex.o
 .debug_aranges
                0x000001f8       0x80 E:/VisualStudioCode/STM32F1_HAL/build/stm32f1xx_hal_dma.o
 .debug_aranges
                0x00000278       0x58 E:/VisualStudioCode/STM32F1_HAL/build/stm32f1xx_hal_gpio.o
 .debug_aranges
                0x000002d0      0x268 E:/VisualStudioCode/STM32F1_HAL/build/stm32f1xx_hal_i2c.o
 .debug_aranges
                0x00000538       0x30 E:/VisualStudioCode/STM32F1_HAL/build/stm32f1xx_hal_msp.o
 .debug_aranges
                0x00000568       0x90 E:/VisualStudioCode/STM32F1_HAL/build/stm32f1xx_hal_rcc.o
 .debug_aranges
                0x000005f8      0x1d0 E:/VisualStudioCode/STM32F1_HAL/build/stm32f1xx_hal_uart.o
 .debug_aranges
                0x000007c8       0x68 E:/VisualStudioCode/STM32F1_HAL/build/stm32f1xx_it.o
 .debug_aranges
                0x00000830       0x28 E:/VisualStudioCode/STM32F1_HAL/build/system_stm32f1xx.o
 .debug_aranges
                0x00000858       0x48 E:/VisualStudioCode/STM32F1_HAL/build/usart.o

.debug_ranges   0x00000000      0x860
 .debug_ranges  0x00000000       0x20 E:/VisualStudioCode/STM32F1_HAL/build/i2c.o
 .debug_ranges  0x00000020       0x48 E:/VisualStudioCode/STM32F1_HAL/build/main.o
 .debug_ranges  0x00000068       0x20 E:/VisualStudioCode/STM32F1_HAL/build/startup_stm32f103xb.o
 .debug_ranges  0x00000088       0xc0 E:/VisualStudioCode/STM32F1_HAL/build/stm32f1xx_hal.o
 .debug_ranges  0x00000148       0xe0 E:/VisualStudioCode/STM32F1_HAL/build/stm32f1xx_hal_cortex.o
 .debug_ranges  0x00000228       0x70 E:/VisualStudioCode/STM32F1_HAL/build/stm32f1xx_hal_dma.o
 .debug_ranges  0x00000298       0x48 E:/VisualStudioCode/STM32F1_HAL/build/stm32f1xx_hal_gpio.o
 .debug_ranges  0x000002e0      0x258 E:/VisualStudioCode/STM32F1_HAL/build/stm32f1xx_hal_i2c.o
 .debug_ranges  0x00000538       0x20 E:/VisualStudioCode/STM32F1_HAL/build/stm32f1xx_hal_msp.o
 .debug_ranges  0x00000558       0xa0 E:/VisualStudioCode/STM32F1_HAL/build/stm32f1xx_hal_rcc.o
 .debug_ranges  0x000005f8      0x1c0 E:/VisualStudioCode/STM32F1_HAL/build/stm32f1xx_hal_uart.o
 .debug_ranges  0x000007b8       0x58 E:/VisualStudioCode/STM32F1_HAL/build/stm32f1xx_it.o
 .debug_ranges  0x00000810       0x18 E:/VisualStudioCode/STM32F1_HAL/build/system_stm32f1xx.o
 .debug_ranges  0x00000828       0x38 E:/VisualStudioCode/STM32F1_HAL/build/usart.o

.debug_line     0x00000000     0x5215
 .debug_line    0x00000000      0x35a E:/VisualStudioCode/STM32F1_HAL/build/i2c.o
 .debug_line    0x0000035a      0x51f E:/VisualStudioCode/STM32F1_HAL/build/main.o
 .debug_line    0x00000879       0x9a E:/VisualStudioCode/STM32F1_HAL/build/startup_stm32f103xb.o
 .debug_line    0x00000913      0x48c E:/VisualStudioCode/STM32F1_HAL/build/stm32f1xx_hal.o
 .debug_line    0x00000d9f      0x423 E:/VisualStudioCode/STM32F1_HAL/build/stm32f1xx_hal_cortex.o
 .debug_line    0x000011c2      0x667 E:/VisualStudioCode/STM32F1_HAL/build/stm32f1xx_hal_dma.o
 .debug_line    0x00001829      0x475 E:/VisualStudioCode/STM32F1_HAL/build/stm32f1xx_hal_gpio.o
 .debug_line    0x00001c9e     0x15eb E:/VisualStudioCode/STM32F1_HAL/build/stm32f1xx_hal_i2c.o
 .debug_line    0x00003289      0x32d E:/VisualStudioCode/STM32F1_HAL/build/stm32f1xx_hal_msp.o
 .debug_line    0x000035b6      0x5ee E:/VisualStudioCode/STM32F1_HAL/build/stm32f1xx_hal_rcc.o
 .debug_line    0x00003ba4      0xc2b E:/VisualStudioCode/STM32F1_HAL/build/stm32f1xx_hal_uart.o
 .debug_line    0x000047cf      0x368 E:/VisualStudioCode/STM32F1_HAL/build/stm32f1xx_it.o
 .debug_line    0x00004b37      0x2dc E:/VisualStudioCode/STM32F1_HAL/build/system_stm32f1xx.o
 .debug_line    0x00004e13      0x402 E:/VisualStudioCode/STM32F1_HAL/build/usart.o

.debug_str      0x00000000     0x2fba
 .debug_str     0x00000000      0xb6a E:/VisualStudioCode/STM32F1_HAL/build/i2c.o
                                0xd78 (size before relaxing)
 .debug_str     0x00000b6a      0x58a E:/VisualStudioCode/STM32F1_HAL/build/main.o
                               0x1350 (size before relaxing)
 .debug_str     0x000010f4       0x4d E:/VisualStudioCode/STM32F1_HAL/build/startup_stm32f103xb.o
                                 0x6d (size before relaxing)
 .debug_str     0x00001141      0x595 E:/VisualStudioCode/STM32F1_HAL/build/stm32f1xx_hal.o
                                0xd41 (size before relaxing)
 .debug_str     0x000016d6      0x2ed E:/VisualStudioCode/STM32F1_HAL/build/stm32f1xx_hal_cortex.o
                                0xd2a (size before relaxing)
 .debug_str     0x000019c3      0x282 E:/VisualStudioCode/STM32F1_HAL/build/stm32f1xx_hal_dma.o
                                0xb42 (size before relaxing)
 .debug_str     0x00001c45      0x14d E:/VisualStudioCode/STM32F1_HAL/build/stm32f1xx_hal_gpio.o
                                0x8f2 (size before relaxing)
 .debug_str     0x00001d92      0x7f3 E:/VisualStudioCode/STM32F1_HAL/build/stm32f1xx_hal_i2c.o
                               0x13df (size before relaxing)
 .debug_str     0x00002585      0x19c E:/VisualStudioCode/STM32F1_HAL/build/stm32f1xx_hal_msp.o
                                0xbef (size before relaxing)
 .debug_str     0x00002721      0x1c5 E:/VisualStudioCode/STM32F1_HAL/build/stm32f1xx_hal_rcc.o
                                0xb0f (size before relaxing)
 .debug_str     0x000028e6      0x528 E:/VisualStudioCode/STM32F1_HAL/build/stm32f1xx_hal_uart.o
                               0x1080 (size before relaxing)
 .debug_str     0x00002e0e       0xeb E:/VisualStudioCode/STM32F1_HAL/build/stm32f1xx_it.o
                                0x91b (size before relaxing)
 .debug_str     0x00002ef9       0x6a E:/VisualStudioCode/STM32F1_HAL/build/system_stm32f1xx.o
                                0x7d4 (size before relaxing)
 .debug_str     0x00002f63       0x57 E:/VisualStudioCode/STM32F1_HAL/build/usart.o
                               0x1015 (size before relaxing)

.comment        0x00000000       0x7e
 .comment       0x00000000       0x7e E:/VisualStudioCode/STM32F1_HAL/build/i2c.o
                                 0x7f (size before relaxing)
 .comment       0x0000007e       0x7f E:/VisualStudioCode/STM32F1_HAL/build/main.o
 .comment       0x0000007e       0x7f E:/VisualStudioCode/STM32F1_HAL/build/stm32f1xx_hal.o
 .comment       0x0000007e       0x7f E:/VisualStudioCode/STM32F1_HAL/build/stm32f1xx_hal_cortex.o
 .comment       0x0000007e       0x7f E:/VisualStudioCode/STM32F1_HAL/build/stm32f1xx_hal_dma.o
 .comment       0x0000007e       0x7f E:/VisualStudioCode/STM32F1_HAL/build/stm32f1xx_hal_gpio.o
 .comment       0x0000007e       0x7f E:/VisualStudioCode/STM32F1_HAL/build/stm32f1xx_hal_i2c.o
 .comment       0x0000007e       0x7f E:/VisualStudioCode/STM32F1_HAL/build/stm32f1xx_hal_msp.o
 .comment       0x0000007e       0x7f E:/VisualStudioCode/STM32F1_HAL/build/stm32f1xx_hal_rcc.o
 .comment       0x0000007e       0x7f E:/VisualStudioCode/STM32F1_HAL/build/stm32f1xx_hal_uart.o
 .comment       0x0000007e       0x7f E:/VisualStudioCode/STM32F1_HAL/build/stm32f1xx_it.o
 .comment       0x0000007e       0x7f E:/VisualStudioCode/STM32F1_HAL/build/system_stm32f1xx.o
 .comment       0x0000007e       0x7f E:/VisualStudioCode/STM32F1_HAL/build/usart.o

.debug_frame    0x00000000     0x2f5c
 .debug_frame   0x00000000       0x68 E:/VisualStudioCode/STM32F1_HAL/build/i2c.o
 .debug_frame   0x00000068       0xcc E:/VisualStudioCode/STM32F1_HAL/build/main.o
 .debug_frame   0x00000134      0x1c0 E:/VisualStudioCode/STM32F1_HAL/build/stm32f1xx_hal.o
 .debug_frame   0x000002f4      0x13c E:/VisualStudioCode/STM32F1_HAL/build/stm32f1xx_hal_cortex.o